Archive member included because of file (symbol)

C:/ethernut-4.9/nutbld/lib\libnutpro.a(snmp_api.o)
                              mib2if.o (SnmpOidCmp)
C:/ethernut-4.9/nutbld/lib\libnutpro.a(snmp_config.o)
                              udpsocket.o (SnmpCommunityCreate)
C:/ethernut-4.9/nutbld/lib\libnutpro.a(snmp_mib.o)
                              mib2if.o (SnmpMibRegister)
C:/ethernut-4.9/nutbld/lib\libnutpro.a(asn1.o)
                              mib2if.o (AsnUnsignedParse)
C:/ethernut-4.9/nutbld/lib\libnutpro.a(snmp_agent.o)
                              udpsocket.o (SnmpAgent)
C:/ethernut-4.9/nutbld/lib\libnutpro.a(snmp.o)
                              C:/ethernut-4.9/nutbld/lib\libnutpro.a(snmp_agent.o) (SnmpVarBuild)
C:/ethernut-4.9/nutbld/lib\libnutpro.a(snmp_auth.o)
                              C:/ethernut-4.9/nutbld/lib\libnutpro.a(snmp_agent.o) (SnmpAuthBuild)
C:/ethernut-4.9/nutbld/lib\libnutnet.a(tcpsock.o)
                              tcp_connect.o (NutTcpCloseSocket)
C:/ethernut-4.9/nutbld/lib\libnutnet.a(udpsock.o)
                              udpsocket.o (NutUdpSetSockOpt)
C:/ethernut-4.9/nutbld/lib\libnutnet.a(ipdemux.o)
                              C:/ethernut-4.9/nutbld/lib\libnutnet.a(tcpsock.o) (NutRegisterIpHandler)
C:/ethernut-4.9/nutbld/lib\libnutnet.a(route.o)
                              C:/ethernut-4.9/nutbld/lib\libnutnet.a(tcpsock.o) (NutIpRouteQuery)
C:/ethernut-4.9/nutbld/lib\libnutnet.a(inet.o)
                              tcp1.o (inet_addr)
C:/ethernut-4.9/nutbld/lib\libnutnet.a(ifconfig.o)
                              tcp1.o (NutNetIfConfig)
C:/ethernut-4.9/nutbld/lib\libnutnet.a(confnet.o)
                              C:/ethernut-4.9/nutbld/lib\libnutnet.a(ifconfig.o) (NutNetSaveConfig)
C:/ethernut-4.9/nutbld/lib\libnutnet.a(tcpin.o)
                              C:/ethernut-4.9/nutbld/lib\libnutnet.a(tcpsock.o) (NutTcpInput)
C:/ethernut-4.9/nutbld/lib\libnutnet.a(tcpout.o)
                              C:/ethernut-4.9/nutbld/lib\libnutnet.a(tcpsock.o) (NutTcpOutput)
C:/ethernut-4.9/nutbld/lib\libnutnet.a(tcpsm.o)
                              C:/ethernut-4.9/nutbld/lib\libnutnet.a(tcpsock.o) (NutTcpInitStateMachine)
C:/ethernut-4.9/nutbld/lib\libnutnet.a(tcputil.o)
                              C:/ethernut-4.9/nutbld/lib\libnutnet.a(tcpsm.o) (IsInLimits)
C:/ethernut-4.9/nutbld/lib\libnutnet.a(udpin.o)
                              C:/ethernut-4.9/nutbld/lib\libnutnet.a(udpsock.o) (NutUdpInput)
C:/ethernut-4.9/nutbld/lib\libnutnet.a(udpout.o)
                              C:/ethernut-4.9/nutbld/lib\libnutnet.a(udpsock.o) (NutUdpOutput)
C:/ethernut-4.9/nutbld/lib\libnutnet.a(ipcsum.o)
                              C:/ethernut-4.9/nutbld/lib\libnutnet.a(tcpout.o) (NutIpChkSumPartial)
C:/ethernut-4.9/nutbld/lib\libnutnet.a(ipin.o)
                              C:/ethernut-4.9/nutbld/lib\libnutnet.a(ipdemux.o) (ip_demux)
C:/ethernut-4.9/nutbld/lib\libnutnet.a(ipout.o)
                              C:/ethernut-4.9/nutbld/lib\libnutnet.a(tcpout.o) (NutIpOutput)
C:/ethernut-4.9/nutbld/lib\libnutnet.a(icmpin.o)
                              C:/ethernut-4.9/nutbld/lib\libnutnet.a(ipin.o) (NutIcmpInput)
C:/ethernut-4.9/nutbld/lib\libnutnet.a(icmpout.o)
                              C:/ethernut-4.9/nutbld/lib\libnutnet.a(icmpin.o) (NutIcmpOutput)
C:/ethernut-4.9/nutbld/lib\libnutnet.a(arpcache.o)
                              C:/ethernut-4.9/nutbld/lib\libnutnet.a(ipout.o) (NutArpCacheQuery)
C:/ethernut-4.9/nutbld/lib\libnutnet.a(arpout.o)
                              C:/ethernut-4.9/nutbld/lib\libnutnet.a(arpcache.o) (NutArpOutput)
C:/ethernut-4.9/nutbld/lib\libnutcrt.a(ioctl.o)
                              tcp1.o (_ioctl)
C:/ethernut-4.9/nutbld/lib\libnutcrt.a(fdopen.o)
                              tcp_connect.o (_fdopen)
C:/ethernut-4.9/nutbld/lib\libnutcrt.a(fflush.o)
                              tcp_connect.o (fflush)
C:/ethernut-4.9/nutbld/lib\libnutcrt.a(fileno.o)
                              tcp1.o (_fileno)
C:/ethernut-4.9/nutbld/lib\libnutcrt.a(fmode.o)
                              C:/ethernut-4.9/nutbld/lib\libnutcrt.a(fdopen.o) (_fmode)
C:/ethernut-4.9/nutbld/lib\libnutcrt.a(fopen.o)
                              tcp1.o (__iob)
C:/ethernut-4.9/nutbld/lib\libnutcrt.a(freopen.o)
                              tcp1.o (freopen)
C:/ethernut-4.9/nutbld/lib\libnutcrt.a(fgets.o)
                              tcp_connect.o (fgets)
C:/ethernut-4.9/nutbld/lib\libnutcrt.a(fputs.o)
                              tcp_connect.o (fputs)
C:/ethernut-4.9/nutbld/lib\libnutcrt.a(printf.o)
                              udpsocket.o (printf)
C:/ethernut-4.9/nutbld/lib\libnutcrt.a(putchar.o)
                              tcp1.o (putchar)
C:/ethernut-4.9/nutbld/lib\libnutcrt.a(puts.o)
                              tcp1.o (puts)
C:/ethernut-4.9/nutbld/lib\libnutcrt.a(vfprintf.o)
[...]
Memory Configuration

Name             Origin             Length             Attributes
rom              0x00000000         0x00080000         xr
ram              0x20000000         0x04000000         rw
iram             0x00200000         0x00008000         rw
*default*        0x00000000         0xffffffff

Linker script and memory map

LOAD C:/ethernut-4.9/nutbld/lib\crtat91sam7se512_rom.o
LOAD tcp1.o
LOAD mib2if.o
LOAD mib2sys.o
LOAD udpsocket.o
LOAD tcp_connect.o
LOAD snmp.o
START GROUP
LOAD C:/ethernut-4.9/nutbld/lib/nutinit.o
LOAD C:/ethernut-4.9/nutbld/lib\libnutpro.a
LOAD C:/ethernut-4.9/nutbld/lib\libnutnet.a
LOAD C:/ethernut-4.9/nutbld/lib\libnutcrt.a
LOAD C:/ethernut-4.9/nutbld/lib\libnutos.a
LOAD C:/ethernut-4.9/nutbld/lib\libnutdev.a
LOAD C:/ethernut-4.9/nutbld/lib\libnutarch.a
LOAD C:/ethernut-4.9/nutbld/lib\libnutos.a
LOAD C:/ethernut-4.9/nutbld/lib\libnutdev.a
LOAD C:/ethernut-4.9/nutbld/lib\libnutnet.a
END GROUP
START GROUP
LOAD c:/program files/yagarto/bin/../lib/gcc/arm-elf/4.4.2\libgcc.a
LOAD c:/program files/yagarto/bin/../lib/gcc/arm-elf/4.4.2/../../../../arm-elf/lib\libc.a
END GROUP

.text           0x00000000    0x1349c
 *(.vectors)
                0x00000000                . = ALIGN (0x4)
 *(.init0)
 .init0         0x00000000       0x38 C:/ethernut-4.9/nutbld/lib\crtat91sam7se512_rom.o
                0x00000000                __vectors
                0x00000034                __swi
                0x00000034                __data_abort
                0x00000034                __prefetch_abort
                0x00000034                __undef
                0x00000034                __xcpt_dummy
                0x00000038                . = ALIGN (0x4)
 *(.init1)
 .init1         0x00000038      0x1c4 C:/ethernut-4.9/nutbld/lib\crtat91sam7se512_rom.o
                0x00000038                _start
                0x000001fc                . = ALIGN (0x4)
 *(.init2)
 .init2         0x000001fc       0x44 C:/ethernut-4.9/nutbld/lib\crtat91sam7se512_rom.o
                0x000001fc                __set_stacks
                0x00000240                . = ALIGN (0x4)
 *(.init3)
 .init3         0x00000240        0x8 C:/ethernut-4.9/nutbld/lib\crtat91sam7se512_rom.o
                0x00000240                __enter_mode
                0x00000248                . = ALIGN (0x4)
 *(.init4)
 .init4         0x00000248       0x54 C:/ethernut-4.9/nutbld/lib\crtat91sam7se512_rom.o
                0x00000248                __clear_bss
                0x0000029c                . = ALIGN (0x4)
 *(.init5)
 .init5         0x0000029c       0x10 C:/ethernut-4.9/nutbld/lib\crtat91sam7se512_rom.o
                0x0000029c                __call_rtos
                0x000002ac                . = ALIGN (0x4)
 *(.text)
 .text          0x000002ac        0x0 C:/ethernut-4.9/nutbld/lib\crtat91sam7se512_rom.o
 .text          0x000002ac      0x154 tcp1.o
                0x000002ac                main
 .text          0x00000400      0x380 mib2if.o
                0x00000400                MibRegisterIfVars
 .text          0x00000780      0x44c mib2sys.o
                0x0000098c                MibRegisterSysVars
 .text          0x00000bcc      0x178 udpsocket.o
                0x00000bcc                udpsocket
 .text          0x00000d44      0x1a4 tcp_connect.o
                0x00000d44                tcp_connect
 .text          0x00000ee8      0x244 snmp.o
                0x00001050                MibRegisterOwnVars
 .text          0x0000112c       0xb0 C:/ethernut-4.9/nutbld/lib/nutinit.o
                0x0000112c                NutInit
                0x000011a4                NutIdle
 .text          0x000011dc      0x21c C:/ethernut-4.9/nutbld/lib\libnutpro.a(snmp_api.o)
                0x000011dc                SnmpOidLenCmp
                0x00001220                SnmpOidCmp
                0x00001284                SnmpOidTreeCmp
                0x000012ec                SnmpOidCmpIdx
                0x00001380                SnmpStatsInc
                0x0000139c                SnmpStatsGet
                0x000013b4                SnmpStatsSet
                0x000013c8                SnmpOidEquals
 .text          0x000013f8      0x27c C:/ethernut-4.9/nutbld/lib\libnutpro.a(snmp_config.o)
                0x000013f8                SnmpCommunityFind
                0x00001468                SnmpViewFind
                0x000014c4                SnmpCommunityCreate
                0x00001568                SnmpViewCreate
 .text          0x00001674      0x324 C:/ethernut-4.9/nutbld/lib\libnutpro.a(snmp_mib.o)
                0x00001674                SnmpMibFind
                0x00001900                SnmpMibRegister
 .text          0x00001998      0xcc8 C:/ethernut-4.9/nutbld/lib\libnutpro.a(asn1.o)
                0x00001a10                AsnHeaderParse
                0x00001a78                AsnHeaderBuild
                0x00001b2c                AsnSequenceParse
                0x00001b5c                AsnSequenceBuild
                0x00001ba8                AsnIntegerParse
                0x00001c58                AsnIntegerBuild
                0x00001cf8                AsnUnsignedParse
                0x00001dc0                AsnUnsignedBuild
                0x00001e84                AsnOidParse
                0x00001f98                AsnNullParse
                0x00001fe0                AsnNullBuild
                0x00001fec                AsnUnsigned64Parse
                0x000020b4                AsnUnsigned64Build
                0x0000218c                AsnBitStringBuild
                0x000021f0                AsnBitStringParse
                0x0000228c                AsnOctetStringParse
                0x00002320                AsnOidBuild
                0x000025e8                AsnOctetStringBuild
 .text          0x00002660      0x980 C:/ethernut-4.9/nutbld/lib\libnutpro.a(snmp_agent.o)
                0x00002b0c                SnmpAgentProcessRequest
                0x00002ec0                SnmpAgent
 .text          0x00002fe0      0x268 C:/ethernut-4.9/nutbld/lib\libnutpro.a(snmp.o)
                0x00002fe0                SnmpVarBuild
                0x00003198                SnmpVarParse
 .text          0x00003248       0xf0 C:/ethernut-4.9/nutbld/lib\libnutpro.a(snmp_auth.o)
                0x00003248                SnmpAuthBuild
                0x000032b8                SnmpAuthParse
 .text          0x00003338      0xb30 C:/ethernut-4.9/nutbld/lib\libnutnet.a(tcpsock.o)
                0x00003338                NutTcpFindSocket
                0x000033d0                NutTcpGetSockOpt
                0x000034ec                NutTcpError
                0x000034fc                NutTcpDeviceIOCtl
                0x00003548                NutTcpDiscardBuffers
                0x000035b8                NutTcpReceive
                0x0000375c                NutTcpDeviceRead
                0x00003760                NutTcpSend
                0x00003880                NutTcpDeviceWrite
                0x00003a58                NutTcpCloseSocket
                0x00003a7c                NutTcpSetSockOpt
                0x00003bd0                NutTcpAccept
                0x00003bf0                NutTcpConnect
                0x00003d04                NutTcpCreateSocket
                0x00003de8                NutTcpDestroySocket
 .text          0x00003e68      0x3ec C:/ethernut-4.9/nutbld/lib\libnutnet.a(udpsock.o)
                0x00003e68                NutUdpError
                0x00003eb4                NutUdpFindSocket
                0x00003ee8                NutUdpSetSockOpt
                0x00003f30                NutUdpGetSockOpt
                0x00003f78                NutUdpSetSocketError
                0x00003fc8                NutUdpDestroySocket
                0x00004038                NutUdpReceiveFrom
                0x000040f0                NutUdpSendTo
                0x0000416c                NutUdpCreateSocket
 .text          0x00004254       0xfc C:/ethernut-4.9/nutbld/lib\libnutnet.a(ipdemux.o)
                0x000042c0                NutRegisterIpHandler
 .text          0x00004350      0x298 C:/ethernut-4.9/nutbld/lib\libnutnet.a(route.o)
                0x000043d4                NutIpRouteQuery
                0x0000440c                NutIpRouteAdd
                0x00004488                NutIpRouteList
                0x0000451c                NutIpRouteDel
                0x000045a4                NutIpRouteDelAll
 .text          0x000045e8      0x1c4 C:/ethernut-4.9/nutbld/lib\libnutnet.a(inet.o)
                0x000045e8                inet_addr
                0x00004680                inet_ntoa
                0x00004728                inet_mtoa
 .text          0x000047ac      0x2ec C:/ethernut-4.9/nutbld/lib\libnutnet.a(ifconfig.o)
                0x000047ac                NutNetIfSetup
                0x00004934                NutNetIfConfig2
                0x00004a80                NutNetIfConfig
 .text          0x00004a98       0xac C:/ethernut-4.9/nutbld/lib\libnutnet.a(confnet.o)
                0x00004a98                NutNetSaveConfig
                0x00004acc                NutNetLoadConfig
 .text          0x00004b44       0x78 C:/ethernut-4.9/nutbld/lib\libnutnet.a(tcpin.o)
                0x00004b44                NutTcpInput
 .text          0x00004bbc      0x5c8 C:/ethernut-4.9/nutbld/lib\libnutnet.a(tcpout.o)
                0x00004bbc                NutTcpReject
                0x00004df0                NutTcpOutput
 .text          0x00005184     0x1318 C:/ethernut-4.9/nutbld/lib\libnutnet.a(tcpsm.o)
                0x00005184                NutTcpAbortSocket
                0x000051dc                NutTcpInitStateMachine
                0x00005228                NutTcpStateMachine
                0x000052ec                NutTcpStateWindowEvent
                0x000055dc                NutTcpStateActiveOpenEvent
                0x00005618                NutTcpStatePassiveOpenEvent
                0x00005760                NutTcpStateRetranTimeout
                0x000059f8                NutTcpSm
                0x00006408                NutTcpStateCloseEvent
 .text          0x0000649c       0xa8 C:/ethernut-4.9/nutbld/lib\libnutnet.a(tcputil.o)
                0x0000649c                IsInLimits
                0x000064cc                NutTcpCalcRtt
 .text          0x00006544      0x110 C:/ethernut-4.9/nutbld/lib\libnutnet.a(udpin.o)
                0x00006544                NutUdpInput
 .text          0x00006654       0xdc C:/ethernut-4.9/nutbld/lib\libnutnet.a(udpout.o)
                0x00006654                NutUdpOutput
 .text          0x00006730       0xac C:/ethernut-4.9/nutbld/lib\libnutnet.a(ipcsum.o)
                0x00006730                NutIpChkSumPartial
                0x00006788                NutIpChkSum
                0x000067ac                NutIpPseudoChkSumPartial
 .text          0x000067dc      0x244 C:/ethernut-4.9/nutbld/lib\libnutnet.a(ipin.o)
                0x000067dc                NutIpSetInputFilter
                0x000067ec                NutIpInput
 .text          0x00006a20      0x2dc C:/ethernut-4.9/nutbld/lib\libnutnet.a(ipout.o)
                0x00006a20                NutIpOutput
 .text          0x00006cfc      0x14c C:/ethernut-4.9/nutbld/lib\libnutnet.a(icmpin.o)
                0x00006cfc                NutIcmpInput
 .text          0x00006e48      0x16c C:/ethernut-4.9/nutbld/lib\libnutnet.a(icmpout.o)
                0x00006e48                NutIcmpOutput
                0x00006ea8                NutIcmpReply
                0x00006f1c                NutIcmpResponse
 .text          0x00006fb4      0x398 C:/ethernut-4.9/nutbld/lib\libnutnet.a(arpcache.o)
                0x0000712c                NutArpCacheQuery
                0x000072dc                NutArpCacheUpdate
 .text          0x0000734c      0x124 C:/ethernut-4.9/nutbld/lib\libnutnet.a(arpout.o)
                0x0000734c                NutArpOutput
                0x000073b8                NutArpAllocNetBuf
 .text          0x00007470       0x38 C:/ethernut-4.9/nutbld/lib\libnutcrt.a(ioctl.o)
                0x00007470                _ioctl
 .text          0x000074a8       0x94 C:/ethernut-4.9/nutbld/lib\libnutcrt.a(fdopen.o)
                0x000074a8                _fdopen
 .text          0x0000753c       0x24 C:/ethernut-4.9/nutbld/lib\libnutcrt.a(fflush.o)
                0x0000753c                fflush
 .text          0x00007560        0x8 C:/ethernut-4.9/nutbld/lib\libnutcrt.a(fileno.o)
                0x00007560                _fileno
 .text          0x00007568       0xa4 C:/ethernut-4.9/nutbld/lib\libnutcrt.a(fmode.o)
                0x00007568                _fmode
 .text          0x0000760c       0xbc C:/ethernut-4.9/nutbld/lib\libnutcrt.a(fopen.o)
                0x0000760c                fopen
 .text          0x000076c8       0xd4 C:/ethernut-4.9/nutbld/lib\libnutcrt.a(freopen.o)
                0x000076c8                freopen
 .text          0x0000779c       0x5c C:/ethernut-4.9/nutbld/lib\libnutcrt.a(fgets.o)
                0x0000779c                fgets
 .text          0x000077f8       0x28 C:/ethernut-4.9/nutbld/lib\libnutcrt.a(fputs.o)
                0x000077f8                fputs
 .text          0x00007820       0x34 C:/ethernut-4.9/nutbld/lib\libnutcrt.a(printf.o)
                0x00007820                printf
 .text          0x00007854       0x1c C:/ethernut-4.9/nutbld/lib\libnutcrt.a(putchar.o)
                0x00007854                putchar
 .text          0x00007870       0x34 C:/ethernut-4.9/nutbld/lib\libnutcrt.a(puts.o)
                0x00007870                puts
 .text          0x000078a4       0x28 C:/ethernut-4.9/nutbld/lib\libnutcrt.a(vfprintf.o)
                0x000078a4                vfprintf
 .text          0x000078cc       0x9c C:/ethernut-4.9/nutbld/lib\libnutcrt.a(time.o)
                0x000078cc                stime
                0x00007900                time
 .text          0x00007968        0x0 C:/ethernut-4.9/nutbld/lib\libnutcrt.a(errno.o)
 .text          0x00007968       0x2c C:/ethernut-4.9/nutbld/lib\libnutcrt.a(calloc.o)
                0x00007968                calloc
 .text          0x00007994       0x4c C:/ethernut-4.9/nutbld/lib\libnutcrt.a(malloc.o)
                0x00007994                free
                0x000079b0                malloc
 .text          0x000079e0       0x7c C:/ethernut-4.9/nutbld/lib\libnutcrt.a(getenv.o)
                0x000079e0                nextenv
                0x00007a30                getenv
 .text          0x00007a5c      0x2c0 C:/ethernut-4.9/nutbld/lib\libnutcrt.a(setenv.o)
                0x00007b58                unsetenv
                0x00007bdc                setenv
 .text          0x00007d1c      0x21c C:/ethernut-4.9/nutbld/lib\libnutcrt.a(environ.o)
                0x00007d94                findenv
 .text          0x00007f38       0x9c C:/ethernut-4.9/nutbld/lib\libnutcrt.a(open.o)
                0x00007f38                _open
 .text          0x00007fd4      0x754 C:/ethernut-4.9/nutbld/lib\libnutcrt.a(putf.o)
                0x00008024                _putf
 .text          0x00008728       0x34 C:/ethernut-4.9/nutbld/lib\libnutcrt.a(write.o)
                0x00008728                _write
 .text          0x0000875c       0x60 C:/ethernut-4.9/nutbld/lib\libnutcrt.a(fgetc.o)
                0x0000875c                fgetc
 .text          0x000087bc       0x34 C:/ethernut-4.9/nutbld/lib\libnutcrt.a(fputc.o)
                0x000087bc                fputc
 .text          0x000087f0      0x194 C:/ethernut-4.9/nutbld/lib\libnutcrt.a(gmtime.o)
                0x000087f0                gmtime_r
                0x0000895c                gmtime
 .text          0x00008984      0x298 C:/ethernut-4.9/nutbld/lib\libnutcrt.a(mktime.o)
                0x00008c0c                _mkgmtime
                0x00008c14                mktime
 .text          0x00008c1c      0x234 C:/ethernut-4.9/nutbld/lib\libnutcrt.a(tzset.o)
                0x00008d2c                _isindst
 .text          0x00008e50       0x34 C:/ethernut-4.9/nutbld/lib\libnutcrt.a(strdup.o)
                0x00008e50                strdup
 .text          0x00008e84       0x74 C:/ethernut-4.9/nutbld/lib\libnutcrt.a(sbrk.o)
                0x00008e84                _sbrk
 .text          0x00008ef8       0x34 C:/ethernut-4.9/nutbld/lib\libnutcrt.a(read.o)
                0x00008ef8                _read
 .text          0x00008f2c      0x244 C:/ethernut-4.9/nutbld/lib\libnutcrt.a(localtim.o)
                0x00008f2c                localtime_r
                0x00009148                localtime
 .text          0x00009170      0x3b0 C:/ethernut-4.9/nutbld/lib\libnutos.a(heap.o)
                0x00009170                NutHeapRootAlloc
                0x00009224                NutHeapRootFree
                0x000092ec                NutHeapRootAdd
                0x00009308                NutHeapRootAvailable
                0x0000932c                NutHeapRootRegionAvailable
                0x00009354                NutHeapCheck
                0x0000935c                NutHeapDump
                0x000093a0                NutHeapRootRealloc
                0x000094f8                NutHeapRootAllocClear
 .text          0x00009520      0x41c C:/ethernut-4.9/nutbld/lib\libnutos.a(thread.o)
                0x00009520                NutThreadAddPriQueue
                0x000095e0                NutThreadRemoveQueue
                0x00009678                NutThreadWake
                0x00009698                GetThreadByName
                0x000096f0                NutThreadDestroy
                0x00009728                NutThreadKill
                0x0000978c                NutThreadSetPriority
                0x00009828                NutThreadExit
                0x00009830                NutThreadResume
                0x00009900                NutThreadYield
 .text          0x0000993c      0x564 C:/ethernut-4.9/nutbld/lib\libnutos.a(timer.o)
                0x00009954                NutMicroDelay
                0x0000998c                NutDelay
                0x0000999c                NutTimerInsert
                0x00009a00                NutTimerStop
                0x00009a60                NutGetTickCount
                0x00009a88                NutGetCpuClock
                0x00009ab8                NutClockSet
                0x00009acc                NutGetMillis
                0x00009b38                NutGetSeconds
                0x00009b78                NutTimerCreate
                0x00009c00                NutTimerStartTicks
                0x00009c20                NutTimerStart
                0x00009c48                NutSleep
                0x00009cd4                NutTimerProcessElapsed
                0x00009db8                NutTimerInit
 .text          0x00009ea0      0x37c C:/ethernut-4.9/nutbld/lib\libnutos.a(event.o)
                0x00009ea0                NutEventPostAsync
                0x00009f80                NutEventBroadcastAsync
                0x0000a01c                NutEventBroadcast
                0x0000a038                NutEventPost
                0x0000a054                NutEventTimeout
                0x0000a114                NutEventWait
                0x0000a1f0                NutEventWaitNext
 .text          0x0000a21c       0xb8 C:/ethernut-4.9/nutbld/lib\libnutos.a(devreg.o)
                0x0000a21c                NutDeviceLookup
                0x0000a260                NutRegisterDevice
 .text          0x0000a2d4       0xac C:/ethernut-4.9/nutbld/lib\libnutos.a(confos.o)
                0x0000a2d4                NutSaveConfig
                0x0000a314                NutLoadConfig
 .text          0x0000a380       0x18 C:/ethernut-4.9/nutbld/lib\libnutos.a(version.o)
                0x0000a380                NutVersion
                0x0000a38c                NutVersionString
 .text          0x0000a398      0x3b8 C:/ethernut-4.9/nutbld/lib\libnutdev.a(netbuf.o)
                0x0000a398                NutNetBufFree
                0x0000a43c                NutNetBufCollect
                0x0000a520                NutNetBufClone
                0x0000a68c                NutNetBufAlloc
 .text          0x0000a750       0x20 C:/ethernut-4.9/nutbld/lib\libnutdev.a(nvmem.o)
                0x0000a750                NutNvMemSave
                0x0000a760                NutNvMemLoad
 .text          0x0000a770      0x1bc C:/ethernut-4.9/nutbld/lib\libnutdev.a(rtc.o)
                0x0000a770                NutRegisterRtc
                0x0000a7bc                NutRtcGetTime
                0x0000a7fc                NutRtcSetTime
                0x0000a83c                NutRtcGetAlarm
                0x0000a878                NutRtcSetAlarm
                0x0000a8b4                NutRtcGetStatus
                0x0000a8f0                NutRtcClearStatus
 .text          0x0000a92c      0x200 C:/ethernut-4.9/nutbld/lib\libnutdev.a(nvmem_at45d.o)
                0x0000a92c                SpiAt45dConfigSize
                0x0000a9c8                SpiAt45dConfigWrite
                0x0000aa9c                SpiAt45dConfigRead
 .text          0x0000ab2c      0x434 C:/ethernut-4.9/nutbld/lib\libnutdev.a(spi_at45d.o)
                0x0000abb8                SpiAt45dStatus
                0x0000abc0                SpiAt45dChipErase
                0x0000abc8                SpiAt45dInit
                0x0000ac48                SpiAt45dPages
                0x0000ac58                SpiAt45dPageSize
                0x0000ac68                SpiAt45dIOCtl
                0x0000ad74                SpiAt45dPageRead
                0x0000add4                SpiAt45dPageErase
                0x0000ae20                SpiAt45dCommand
                0x0000ae78                SpiAt45dPageWrite
                0x0000af58                SpiAt45dWaitReady
 .text          0x0000af60        0x0 C:/ethernut-4.9/nutbld/lib\libnutdev.a(spi_at45d0.o)
 .text          0x0000af60      0x368 C:/ethernut-4.9/nutbld/lib\libnutdev.a(blockdev.o)
                0x0000af60                NutBlockDeviceInit
                0x0000af68                NutBlockDeviceIOCtl
                0x0000afe0                NutBlockDeviceRead
                0x0000b078                NutBlockDeviceWrite
                0x0000b110                NutBlockDeviceSize
                0x0000b124                NutBlockDeviceClose
                0x0000b17c                NutBlockDeviceOpen
 .text          0x0000b2c8      0x1a4 C:/ethernut-4.9/nutbld/lib\libnutarch.a(context.o)
                0x0000b2d0                NutThreadSwitch
                0x0000b320                NutThreadCreate
 .text          0x0000b46c      0x150 C:/ethernut-4.9/nutbld/lib\libnutarch.a(ostimer_at91.o)
                0x0000b4ec                NutArchClockGet
                0x0000b510                At91GetMasterClock
                0x0000b518                NutGetTickClock
                0x0000b544                NutTimerMillisToTicks
                0x0000b564                NutRegisterTimer
 .text          0x0000b5bc      0x2a0 C:/ethernut-4.9/nutbld/lib\libnutarch.a(ih_at91sys.o)
                0x0000b7fc                NutSysIrqEnable
                0x0000b810                NutSysIrqDisable
                0x0000b820                NutRegisterSysIrqHandler
 .text          0x0000b85c      0x950 C:/ethernut-4.9/nutbld/lib\libnutarch.a(usart0at91.o)
 .text          0x0000c1ac      0xb14 C:/ethernut-4.9/nutbld/lib\libnutarch.a(dm9000e.o)
                0x0000c3c4                DmInit
                0x0000c51c                DmOutput
                0x0000c9b4                NicRxLanc
 .text          0x0000ccc0       0x3c C:/ethernut-4.9/nutbld/lib\libnutarch.a(at91init.o)
                0x0000cce4                McuInit
 .text          0x0000ccfc      0x2c4 C:/ethernut-4.9/nutbld/lib\libnutarch.a(spibus0at91.o)
                0x0000ccfc                At91Spi0ChipSelect
                0x0000cd58                At91SpiBus0Interrupt
                0x0000cdf8                At91SpiBus0Transfer
                0x0000ce68                At91SpiBus0Deselect
                0x0000ced8                At91SpiBus0Select
 .text          0x0000cfc0      0x1e0 C:/ethernut-4.9/nutbld/lib\libnutarch.a(ih_at91irq0.o)
 .text          0x0000d1a0      0x1ac C:/ethernut-4.9/nutbld/lib\libnutarch.a(ih_at91spi0.o)
 .text          0x0000d34c      0x1ac C:/ethernut-4.9/nutbld/lib\libnutarch.a(ih_at91uart0.o)
 .text          0x0000d4f8      0x224 C:/ethernut-4.9/nutbld/lib\libnutarch.a(spibus_at91.o)
                0x0000d4f8                At91SpiBusWait
                0x0000d540                At91SpiSetup
                0x0000d630                At91SpiBusNodeInit
 .text          0x0000d71c      0x16c C:/ethernut-4.9/nutbld/lib\libnutdev.a(ihndlr.o)
                0x0000d71c                CallHandler
                0x0000d73c                NutRegisterIrqHandler
                0x0000d778                NutIrqEnable
                0x0000d7a0                NutIrqDisable
                0x0000d7c8                NutIrqSetPriority
                0x0000d820                NutIrqSetMode
 .text          0x0000d888      0xa00 C:/ethernut-4.9/nutbld/lib\libnutdev.a(usart.o)
                0x0000d888                UsartInit
                0x0000d8c0                UsartSize
                0x0000d9b4                UsartIOCtl
                0x0000dda8                UsartClose
                0x0000ddfc                UsartOpen
                0x0000e0a0                UsartWrite_P
                0x0000e0ac                UsartWrite
                0x0000e0b8                UsartRead
 .text          0x0000e288       0xc0 C:/ethernut-4.9/nutbld/lib\libnutdev.a(spibus.o)
                0x0000e288                NutSpiBusWait
                0x0000e290                NutSpiBusSetMode
                0x0000e2b4                NutSpiBusSetRate
                0x0000e2d4                NutSpiBusSetBits
                0x0000e2f4                NutRegisterSpiDevice
 .text          0x0000e348       0xbc C:/ethernut-4.9/nutbld/lib\libnutnet.a(ethin.o)
                0x0000e348                NutEtherInput
 .text          0x0000e404       0xb8 C:/ethernut-4.9/nutbld/lib\libnutnet.a(ethout.o)
                0x0000e404                NutEtherOutput
 .text          0x0000e4bc      0x158 C:/ethernut-4.9/nutbld/lib\libnutnet.a(arpin.o)
                0x0000e4bc                NutArpInput
 .text          0x0000e614       0x28 C:/ethernut-4.9/nutbld/lib\libnutcrt.a(fprintf.o)
                0x0000e614                fprintf
 .text          0x0000e63c      0x110 c:/program files/yagarto/bin/../lib/gcc/arm-elf/4.4.2\libgcc.a(_udivsi3.o)
                0x0000e63c                __aeabi_uidiv
                0x0000e63c                __udivsi3
                0x0000e734                __aeabi_uidivmod
 .text          0x0000e74c      0x140 c:/program files/yagarto/bin/../lib/gcc/arm-elf/4.4.2\libgcc.a(_divsi3.o)
                0x0000e74c                __divsi3
                0x0000e74c                __aeabi_idiv
                0x0000e874                __aeabi_idivmod
 .text          0x0000e88c       0xcc c:/program files/yagarto/bin/../lib/gcc/arm-elf/4.4.2\libgcc.a(_umodsi3.o)
                0x0000e88c                __umodsi3
 .text          0x0000e958       0xe4 c:/program files/yagarto/bin/../lib/gcc/arm-elf/4.4.2\libgcc.a(_modsi3.o)
                0x0000e958                __modsi3
 .text          0x0000ea3c        0x4 c:/program files/yagarto/bin/../lib/gcc/arm-elf/4.4.2\libgcc.a(_dvmd_tls.o)
                0x0000ea3c                __div0
                0x0000ea3c                __aeabi_idiv0
                0x0000ea3c                __aeabi_ldiv0
 .text          0x0000ea40        0x0 c:/program files/yagarto/bin/../lib/gcc/arm-elf/4.4.2/../../../../arm-elf/lib\libc.a(lib_a-ctype_.o)
 .text          0x0000ea40     0x17b8 c:/program files/yagarto/bin/../lib/gcc/arm-elf/4.4.2/../../../../arm-elf/lib\libc.a(lib_a-dtoa.o)
                0x0000ec20                _dtoa_r
 .text          0x000101f8        0x0 c:/program files/yagarto/bin/../lib/gcc/arm-elf/4.4.2/../../../../arm-elf/lib\libc.a(lib_a-impure.o)
 .text          0x000101f8       0xd4 c:/program files/yagarto/bin/../lib/gcc/arm-elf/4.4.2/../../../../arm-elf/lib\libc.a(lib_a-memchr.o)
                0x000101f8                memchr
 .text          0x000102cc       0xa8 c:/program files/yagarto/bin/../lib/gcc/arm-elf/4.4.2/../../../../arm-elf/lib\libc.a(lib_a-memcmp.o)
                0x000102cc                memcmp
 .text          0x00010374       0xf0 c:/program files/yagarto/bin/../lib/gcc/arm-elf/4.4.2/../../../../arm-elf/lib\libc.a(lib_a-memcpy.o)
                0x00010374                memcpy
 .text          0x00010464       0xf8 c:/program files/yagarto/bin/../lib/gcc/arm-elf/4.4.2/../../../../arm-elf/lib\libc.a(lib_a-memset.o)
                0x00010464                memset
 .text          0x0001055c      0xd60 c:/program files/yagarto/bin/../lib/gcc/arm-elf/4.4.2/../../../../arm-elf/lib\libc.a(lib_a-mprec.o)
                0x0001055c                _Bfree
                0x00010578                __hi0bits
                0x000105d0                __lo0bits
                0x00010664                __mcmp
                0x000106c4                __ulp
                0x00010724                __b2d
                0x000107f4                __ratio
                0x00010894                _mprec_log10
                0x000108e0                __copybits
                0x0001095c                __any_on
                0x000109dc                _Balloc
                0x00010a60                __d2b
                0x00010b6c                __mdiff
                0x00010ce0                __lshift
                0x00010df0                __multiply
                0x00010fe0                __i2b
                0x00011000                __multadd
                0x000110e0                __pow5mult
                0x000111d8                __s2b
 .text          0x000112bc       0x9c c:/program files/yagarto/bin/../lib/gcc/arm-elf/4.4.2/../../../../arm-elf/lib\libc.a(lib_a-strcat.o)
                0x000112bc                strcat
 .text          0x00011358       0xd8 c:/program files/yagarto/bin/../lib/gcc/arm-elf/4.4.2/../../../../arm-elf/lib\libc.a(lib_a-strcmp.o)
                0x00011358                strcmp
 .text          0x00011430       0x94 c:/program files/yagarto/bin/../lib/gcc/arm-elf/4.4.2/../../../../arm-elf/lib\libc.a(lib_a-strcpy.o)
                0x00011430                strcpy
 .text          0x000114c4       0x9c c:/program files/yagarto/bin/../lib/gcc/arm-elf/4.4.2/../../../../arm-elf/lib\libc.a(lib_a-strlen.o)
                0x000114c4                strlen
 .text          0x00011560       0x9c c:/program files/yagarto/bin/../lib/gcc/arm-elf/4.4.2/../../../../arm-elf/lib\libc.a(lib_a-callocr.o)
                0x00011560                _calloc_r
 .text          0x000115fc      0x734 c:/program files/yagarto/bin/../lib/gcc/arm-elf/4.4.2/../../../../arm-elf/lib\libc.a(lib_a-mallocr.o)
                0x000115fc                _malloc_r
 .text          0x00011d30        0x8 c:/program files/yagarto/bin/../lib/gcc/arm-elf/4.4.2/../../../../arm-elf/lib\libc.a(lib_a-mlock.o)
                0x00011d30                __malloc_lock
                0x00011d34                __malloc_unlock
 .text          0x00011d38       0x38 c:/program files/yagarto/bin/../lib/gcc/arm-elf/4.4.2/../../../../arm-elf/lib\libc.a(lib_a-sbrkr.o)
                0x00011d38                _sbrk_r
 .text          0x00011d70      0x36c c:/program files/yagarto/bin/../lib/gcc/arm-elf/4.4.2/../../../../arm-elf/lib\libc.a(lib_a-freer.o)
                0x00011d70                _malloc_trim_r
                0x00011e68                _free_r
 .text          0x000120dc      0x400 c:/program files/yagarto/bin/../lib/gcc/arm-elf/4.4.2\libgcc.a(_arm_addsubdf3.o)
                0x000120dc                __aeabi_drsub
                0x000120e4                __aeabi_dsub
                0x000120e4                __subdf3
                0x000120e8                __aeabi_dadd
                0x000120e8                __adddf3
                0x000123c8                __floatunsidf
                0x000123c8                __aeabi_ui2d
                0x000123f0                __floatsidf
                0x000123f0                __aeabi_i2d
                0x0001241c                __aeabi_f2d
                0x0001241c                __extendsfdf2
                0x0001245c                __floatundidf
                0x0001245c                __aeabi_ul2d
                0x00012470                __floatdidf
                0x00012470                __aeabi_l2d
 .text          0x000124dc      0x470 c:/program files/yagarto/bin/../lib/gcc/arm-elf/4.4.2\libgcc.a(_arm_muldivdf3.o)
                0x000124dc                __aeabi_dmul
                0x000124dc                __muldf3
                0x00012748                __divdf3
                0x00012748                __aeabi_ddiv
 .text          0x0001294c      0x128 c:/program files/yagarto/bin/../lib/gcc/arm-elf/4.4.2\libgcc.a(_arm_cmpdf2.o)
                0x0001294c                __gtdf2
                0x0001294c                __gedf2
                0x00012954                __ltdf2
                0x00012954                __ledf2
                0x0001295c                __nedf2
                0x0001295c                __eqdf2
                0x0001295c                __cmpdf2
                0x000129e0                __aeabi_cdrcmple
                0x000129fc                __aeabi_cdcmpeq
                0x000129fc                __aeabi_cdcmple
                0x00012a10                __aeabi_dcmpeq
                0x00012a24                __aeabi_dcmplt
                0x00012a38                __aeabi_dcmple
                0x00012a4c                __aeabi_dcmpge
                0x00012a60                __aeabi_dcmpgt
 .text          0x00012a74       0x5c c:/program files/yagarto/bin/../lib/gcc/arm-elf/4.4.2\libgcc.a(_arm_fixdfsi.o)
                0x00012a74                __aeabi_d2iz
                0x00012a74                __fixdfsi
                0x00012ad0                . = ALIGN (0x4)
 *(.rodata*)
 .rodata        0x00012ad0        0x8 tcp1.o
 .rodata.str1.1
                0x00012ad8       0xbc tcp1.o
                                 0xcd (size before relaxing)
 .rodata.str1.1
                0x00012b94        0x9 mib2if.o
 .rodata.str1.1
                0x00012b9d       0x2f mib2sys.o
 .rodata.str1.1
                0x00012bcc       0xc0 udpsocket.o
 .rodata.str1.1
                0x00012c8c       0x8a tcp_connect.o
                                 0x8f (size before relaxing)
 .rodata.str1.1
                0x00012d16       0x18 snmp.o
                                 0x47 (size before relaxing)
 .rodata.str1.1
                0x00012d2e        0xa C:/ethernut-4.9/nutbld/lib/nutinit.o
 .rodata.str1.1
                0x00012d38        0x2 C:/ethernut-4.9/nutbld/lib\libnutpro.a(snmp_config.o)
 *fill*         0x00012d3a        0x2 00
 .rodata        0x00012d3c       0x34 C:/ethernut-4.9/nutbld/lib\libnutpro.a(snmp_agent.o)
 .rodata        0x00012d70       0x11 C:/ethernut-4.9/nutbld/lib\libnutnet.a(inet.o)
 .rodata.str1.1
                0x00000000        0xe C:/ethernut-4.9/nutbld/lib\libnutnet.a(ifconfig.o)
 .rodata.str1.1
                0x00012d81        0x6 C:/ethernut-4.9/nutbld/lib\libnutnet.a(tcpsm.o)
 *fill*         0x00012d87        0x1 00
 .rodata        0x00012d88       0x40 C:/ethernut-4.9/nutbld/lib\libnutnet.a(icmpin.o)
 .rodata.str1.1
                0x00000000        0x1 C:/ethernut-4.9/nutbld/lib\libnutcrt.a(setenv.o)
 .rodata.str1.1
                0x00012dc8       0x29 C:/ethernut-4.9/nutbld/lib\libnutcrt.a(putf.o)
 .rodata.str1.1
                0x00012df1        0x8 C:/ethernut-4.9/nutbld/lib\libnutos.a(heap.o)
 .rodata.str1.1
                0x00012df9        0xc C:/ethernut-4.9/nutbld/lib\libnutos.a(confos.o)
 *fill*         0x00012e05        0x3 00
 .rodata        0x00012e08        0x8 C:/ethernut-4.9/nutbld/lib\libnutos.a(version.o)
 .rodata        0x00012e10        0x4 C:/ethernut-4.9/nutbld/lib\libnutdev.a(spi_at45d.o)
 .rodata.str1.1
                0x00012e14        0x5 C:/ethernut-4.9/nutbld/lib\libnutarch.a(dm9000e.o)
 *fill*         0x00012e19        0x3 00
 .rodata        0x00012e1c      0x104 c:/program files/yagarto/bin/../lib/gcc/arm-elf/4.4.2/../../../../arm-elf/lib\libc.a(lib_a-ctype_.o)
                0x00012e1c                _ctype_
 .rodata.str1.4
                0x00012f20       0x12 c:/program files/yagarto/bin/../lib/gcc/arm-elf/4.4.2/../../../../arm-elf/lib\libc.a(lib_a-dtoa.o)
                                 0x14 (size before relaxing)
 *fill*         0x00012f32        0x2 00
 .rodata        0x00012f34        0x4 c:/program files/yagarto/bin/../lib/gcc/arm-elf/4.4.2/../../../../arm-elf/lib\libc.a(lib_a-impure.o)
                0x00012f34                _global_impure_ptr
 .rodata.str1.4
                0x00012f38        0x4 c:/program files/yagarto/bin/../lib/gcc/arm-elf/4.4.2/../../../../arm-elf/lib\libc.a(lib_a-impure.o)
 .rodata        0x00012f3c      0x124 c:/program files/yagarto/bin/../lib/gcc/arm-elf/4.4.2/../../../../arm-elf/lib\libc.a(lib_a-mprec.o)
                0x00012f3c                __mprec_tens
                0x00013010                __mprec_bigtens
                0x00013038                __mprec_tinytens
                0x00013060                . = ALIGN (0x4)
 *(.eh_frame*)
 .eh_frame      0x00013060       0x68 c:/program files/yagarto/bin/../lib/gcc/arm-elf/4.4.2/../../../../arm-elf/lib\libc.a(lib_a-dtoa.o)
 .eh_frame      0x000130c8       0x18 c:/program files/yagarto/bin/../lib/gcc/arm-elf/4.4.2/../../../../arm-elf/lib\libc.a(lib_a-memchr.o)
                                 0x2c (size before relaxing)
 .eh_frame      0x000130e0       0x1c c:/program files/yagarto/bin/../lib/gcc/arm-elf/4.4.2/../../../../arm-elf/lib\libc.a(lib_a-memcmp.o)
                                 0x30 (size before relaxing)
 .eh_frame      0x000130fc       0x1c c:/program files/yagarto/bin/../lib/gcc/arm-elf/4.4.2/../../../../arm-elf/lib\libc.a(lib_a-memcpy.o)
                                 0x30 (size before relaxing)
 .eh_frame      0x00013118       0x1c c:/program files/yagarto/bin/../lib/gcc/arm-elf/4.4.2/../../../../arm-elf/lib\libc.a(lib_a-memset.o)
                                 0x30 (size before relaxing)
 .eh_frame      0x00013134      0x240 c:/program files/yagarto/bin/../lib/gcc/arm-elf/4.4.2/../../../../arm-elf/lib\libc.a(lib_a-mprec.o)
                                0x254 (size before relaxing)
 .eh_frame      0x00013374       0x1c c:/program files/yagarto/bin/../lib/gcc/arm-elf/4.4.2/../../../../arm-elf/lib\libc.a(lib_a-strcat.o)
                                 0x30 (size before relaxing)
 .eh_frame      0x00013390       0x14 c:/program files/yagarto/bin/../lib/gcc/arm-elf/4.4.2/../../../../arm-elf/lib\libc.a(lib_a-strcmp.o)
                                 0x28 (size before relaxing)
 .eh_frame      0x000133a4       0x14 c:/program files/yagarto/bin/../lib/gcc/arm-elf/4.4.2/../../../../arm-elf/lib\libc.a(lib_a-strcpy.o)
                                 0x28 (size before relaxing)
 .eh_frame      0x000133b8       0x14 c:/program files/yagarto/bin/../lib/gcc/arm-elf/4.4.2/../../../../arm-elf/lib\libc.a(lib_a-strlen.o)
                                 0x28 (size before relaxing)
 .eh_frame      0x000133cc       0x1c c:/program files/yagarto/bin/../lib/gcc/arm-elf/4.4.2/../../../../arm-elf/lib\libc.a(lib_a-callocr.o)
                                 0x30 (size before relaxing)
 .eh_frame      0x000133e8       0x2c c:/program files/yagarto/bin/../lib/gcc/arm-elf/4.4.2/../../../../arm-elf/lib\libc.a(lib_a-mallocr.o)
                                 0x40 (size before relaxing)
 .eh_frame      0x00013414       0x28 c:/program files/yagarto/bin/../lib/gcc/arm-elf/4.4.2/../../../../arm-elf/lib\libc.a(lib_a-mlock.o)
                                 0x3c (size before relaxing)
 .eh_frame      0x0001343c       0x1c c:/program files/yagarto/bin/../lib/gcc/arm-elf/4.4.2/../../../../arm-elf/lib\libc.a(lib_a-sbrkr.o)
                                 0x30 (size before relaxing)
 .eh_frame      0x00013458       0x44 c:/program files/yagarto/bin/../lib/gcc/arm-elf/4.4.2/../../../../arm-elf/lib\libc.a(lib_a-freer.o)
                                 0x58 (size before relaxing)
                0x0001349c                . = ALIGN (0x4)
 *(.glue_7t)
 .glue_7t       0x00000000        0x0 linker stubs
                0x0001349c                . = ALIGN (0x4)
 *(.glue_7)
 .glue_7        0x00000000        0x0 linker stubs

.vfp11_veneer   0x0001349c        0x0
 .vfp11_veneer  0x00000000        0x0 linker stubs

.v4_bx          0x0001349c        0x0
 .v4_bx         0x00000000        0x0 linker stubs
                0x0001349c                . = ALIGN (0x4)
                0x0001349c                _etext = .
                0x0001349c                PROVIDE (__etext, .)

.data           0x20000000     0x213c load address 0x0001349c
                0x20000000                PROVIDE (__data_start, .)
 *(.data)
 .data          0x20000000        0x0 C:/ethernut-4.9/nutbld/lib\crtat91sam7se512_rom.o
 .data          0x20000000        0x0 tcp1.o
 .data          0x20000000      0xcb0 mib2if.o
 .data          0x20000cb0      0x418 mib2sys.o
 .data          0x200010c8      0x208 udpsocket.o
                0x200010c8                buffer
                0x200012bc                view_all
 .data          0x200012d0        0x0 tcp_connect.o
 .data          0x200012d0      0x1c4 snmp.o
 .data          0x20001494        0x0 C:/ethernut-4.9/nutbld/lib/nutinit.o
 .data          0x20001494        0x0 C:/ethernut-4.9/nutbld/lib\libnutpro.a(snmp_api.o)
 .data          0x20001494        0x4 C:/ethernut-4.9/nutbld/lib\libnutpro.a(snmp_config.o)
 .data          0x20001498        0x0 C:/ethernut-4.9/nutbld/lib\libnutpro.a(snmp_mib.o)
 .data          0x20001498        0x0 C:/ethernut-4.9/nutbld/lib\libnutpro.a(asn1.o)
 .data          0x20001498        0x0 C:/ethernut-4.9/nutbld/lib\libnutpro.a(snmp_agent.o)
 .data          0x20001498        0x0 C:/ethernut-4.9/nutbld/lib\libnutpro.a(snmp.o)
 .data          0x20001498        0x0 C:/ethernut-4.9/nutbld/lib\libnutpro.a(snmp_auth.o)
 .data          0x20001498        0x2 C:/ethernut-4.9/nutbld/lib\libnutnet.a(tcpsock.o)
 .data          0x2000149a        0x2 C:/ethernut-4.9/nutbld/lib\libnutnet.a(udpsock.o)
 .data          0x2000149c        0x0 C:/ethernut-4.9/nutbld/lib\libnutnet.a(ipdemux.o)
 .data          0x2000149c        0x0 C:/ethernut-4.9/nutbld/lib\libnutnet.a(route.o)
 .data          0x2000149c        0x0 C:/ethernut-4.9/nutbld/lib\libnutnet.a(inet.o)
 .data          0x2000149c        0x0 C:/ethernut-4.9/nutbld/lib\libnutnet.a(ifconfig.o)
 .data          0x2000149c        0x0 C:/ethernut-4.9/nutbld/lib\libnutnet.a(confnet.o)
 .data          0x2000149c        0x0 C:/ethernut-4.9/nutbld/lib\libnutnet.a(tcpin.o)
 .data          0x2000149c        0x0 C:/ethernut-4.9/nutbld/lib\libnutnet.a(tcpout.o)
 .data          0x2000149c        0x0 C:/ethernut-4.9/nutbld/lib\libnutnet.a(tcpsm.o)
 .data          0x2000149c        0x0 C:/ethernut-4.9/nutbld/lib\libnutnet.a(tcputil.o)
 .data          0x2000149c        0x0 C:/ethernut-4.9/nutbld/lib\libnutnet.a(udpin.o)
 .data          0x2000149c        0x0 C:/ethernut-4.9/nutbld/lib\libnutnet.a(udpout.o)
 .data          0x2000149c        0x0 C:/ethernut-4.9/nutbld/lib\libnutnet.a(ipcsum.o)
 .data          0x2000149c        0x0 C:/ethernut-4.9/nutbld/lib\libnutnet.a(ipin.o)
 .data          0x2000149c        0x0 C:/ethernut-4.9/nutbld/lib\libnutnet.a(ipout.o)
 .data          0x2000149c        0x0 C:/ethernut-4.9/nutbld/lib\libnutnet.a(icmpin.o)
 .data          0x2000149c        0x0 C:/ethernut-4.9/nutbld/lib\libnutnet.a(icmpout.o)
 .data          0x2000149c        0x0 C:/ethernut-4.9/nutbld/lib\libnutnet.a(arpcache.o)
 .data          0x2000149c        0x0 C:/ethernut-4.9/nutbld/lib\libnutnet.a(arpout.o)
 .data          0x2000149c        0x0 C:/ethernut-4.9/nutbld/lib\libnutcrt.a(ioctl.o)
 .data          0x2000149c        0x0 C:/ethernut-4.9/nutbld/lib\libnutcrt.a(fdopen.o)
 .data          0x2000149c        0x0 C:/ethernut-4.9/nutbld/lib\libnutcrt.a(fflush.o)
 .data          0x2000149c        0x0 C:/ethernut-4.9/nutbld/lib\libnutcrt.a(fileno.o)
 .data          0x2000149c        0x0 C:/ethernut-4.9/nutbld/lib\libnutcrt.a(fmode.o)
 .data          0x2000149c       0x80 C:/ethernut-4.9/nutbld/lib\libnutcrt.a(fopen.o)
                0x2000149c                __iob
 .data          0x2000151c        0x0 C:/ethernut-4.9/nutbld/lib\libnutcrt.a(freopen.o)
 .data          0x2000151c        0x0 C:/ethernut-4.9/nutbld/lib\libnutcrt.a(fgets.o)
 .data          0x2000151c        0x0 C:/ethernut-4.9/nutbld/lib\libnutcrt.a(fputs.o)
 .data          0x2000151c        0x0 C:/ethernut-4.9/nutbld/lib\libnutcrt.a(printf.o)
 .data          0x2000151c        0x0 C:/ethernut-4.9/nutbld/lib\libnutcrt.a(putchar.o)
 .data          0x2000151c        0x0 C:/ethernut-4.9/nutbld/lib\libnutcrt.a(puts.o)
 .data          0x2000151c        0x0 C:/ethernut-4.9/nutbld/lib\libnutcrt.a(vfprintf.o)
 .data          0x2000151c        0x0 C:/ethernut-4.9/nutbld/lib\libnutcrt.a(time.o)
 .data          0x2000151c        0x0 C:/ethernut-4.9/nutbld/lib\libnutcrt.a(errno.o)
 .data          0x2000151c        0x0 C:/ethernut-4.9/nutbld/lib\libnutcrt.a(calloc.o)
 .data          0x2000151c        0x0 C:/ethernut-4.9/nutbld/lib\libnutcrt.a(malloc.o)
 .data          0x2000151c        0x0 C:/ethernut-4.9/nutbld/lib\libnutcrt.a(getenv.o)
 .data          0x2000151c        0x0 C:/ethernut-4.9/nutbld/lib\libnutcrt.a(setenv.o)
 .data          0x2000151c        0x0 C:/ethernut-4.9/nutbld/lib\libnutcrt.a(environ.o)
 .data          0x2000151c        0x0 C:/ethernut-4.9/nutbld/lib\libnutcrt.a(open.o)
 .data          0x2000151c       0x24 C:/ethernut-4.9/nutbld/lib\libnutcrt.a(putf.o)
                0x2000153c                sbrk_force
 .data          0x20001540        0x0 C:/ethernut-4.9/nutbld/lib\libnutcrt.a(write.o)
 .data          0x20001540        0x0 C:/ethernut-4.9/nutbld/lib\libnutcrt.a(fgetc.o)
 .data          0x20001540        0x0 C:/ethernut-4.9/nutbld/lib\libnutcrt.a(fputc.o)
 .data          0x20001540       0x68 C:/ethernut-4.9/nutbld/lib\libnutcrt.a(gmtime.o)
                0x20001540                _days
                0x20001574                _lpdays
 .data          0x200015a8        0x0 C:/ethernut-4.9/nutbld/lib\libnutcrt.a(mktime.o)
 .data          0x200015a8       0x24 C:/ethernut-4.9/nutbld/lib\libnutcrt.a(tzset.o)
                0x200015c0                _dstbias
                0x200015c4                _daylight
                0x200015c8                _timezone
 .data          0x200015cc        0x0 C:/ethernut-4.9/nutbld/lib\libnutcrt.a(strdup.o)
 .data          0x200015cc        0x4 C:/ethernut-4.9/nutbld/lib\libnutcrt.a(sbrk.o)
 .data          0x200015d0        0x0 C:/ethernut-4.9/nutbld/lib\libnutcrt.a(read.o)
 .data          0x200015d0        0x0 C:/ethernut-4.9/nutbld/lib\libnutcrt.a(localtim.o)
 .data          0x200015d0        0x0 C:/ethernut-4.9/nutbld/lib\libnutos.a(heap.o)
 .data          0x200015d0        0x0 C:/ethernut-4.9/nutbld/lib\libnutos.a(thread.o)
 .data          0x200015d0        0x0 C:/ethernut-4.9/nutbld/lib\libnutos.a(timer.o)
 .data          0x200015d0        0x0 C:/ethernut-4.9/nutbld/lib\libnutos.a(event.o)
 .data          0x200015d0        0x0 C:/ethernut-4.9/nutbld/lib\libnutos.a(devreg.o)
 .data          0x200015d0        0x0 C:/ethernut-4.9/nutbld/lib\libnutos.a(confos.o)
 .data          0x200015d0        0x0 C:/ethernut-4.9/nutbld/lib\libnutos.a(version.o)
 .data          0x200015d0        0x0 C:/ethernut-4.9/nutbld/lib\libnutdev.a(netbuf.o)
 .data          0x200015d0        0x0 C:/ethernut-4.9/nutbld/lib\libnutdev.a(nvmem.o)
 .data          0x200015d0        0x0 C:/ethernut-4.9/nutbld/lib\libnutdev.a(rtc.o)
 .data          0x200015d0        0x0 C:/ethernut-4.9/nutbld/lib\libnutdev.a(nvmem_at45d.o)
 .data          0x200015d0      0x104 C:/ethernut-4.9/nutbld/lib\libnutdev.a(spi_at45d.o)
                0x200015d0                at45d_known_types
                0x200015d4                at45d_info
 .data          0x200016d4       0x74 C:/ethernut-4.9/nutbld/lib\libnutdev.a(spi_at45d0.o)
                0x200016d4                nodeSpiAt45d0
                0x200016ec                devSpiAt45d0
 .data          0x20001748        0x0 C:/ethernut-4.9/nutbld/lib\libnutdev.a(blockdev.o)
 .data          0x20001748        0x0 C:/ethernut-4.9/nutbld/lib\libnutarch.a(context.o)
 .data          0x20001748        0x0 C:/ethernut-4.9/nutbld/lib\libnutarch.a(ostimer_at91.o)
 .data          0x20001748        0xc C:/ethernut-4.9/nutbld/lib\libnutarch.a(ih_at91sys.o)
                0x20001748                sig_SYS
 .data          0x20001754       0xe0 C:/ethernut-4.9/nutbld/lib\libnutarch.a(usart0at91.o)
                0x200017f8                devUsartAt910
 .data          0x20001834       0x78 C:/ethernut-4.9/nutbld/lib\libnutarch.a(dm9000e.o)
                0x20001838                devDM9000E
 .data          0x200018ac        0x0 C:/ethernut-4.9/nutbld/lib\libnutarch.a(at91init.o)
 .data          0x200018ac       0x30 C:/ethernut-4.9/nutbld/lib\libnutarch.a(spibus0at91.o)
                0x200018ac                spiBus0At91
 .data          0x200018dc        0xc C:/ethernut-4.9/nutbld/lib\libnutarch.a(ih_at91irq0.o)
                0x200018dc                sig_INTERRUPT0
 .data          0x200018e8        0xc C:/ethernut-4.9/nutbld/lib\libnutarch.a(ih_at91spi0.o)
                0x200018e8                sig_SPI0
 .data          0x200018f4        0xc C:/ethernut-4.9/nutbld/lib\libnutarch.a(ih_at91uart0.o)
                0x200018f4                sig_UART0
 .data          0x20001900        0x0 C:/ethernut-4.9/nutbld/lib\libnutarch.a(spibus_at91.o)
 .data          0x20001900        0x0 C:/ethernut-4.9/nutbld/lib\libnutdev.a(ihndlr.o)
 .data          0x20001900        0x0 C:/ethernut-4.9/nutbld/lib\libnutdev.a(usart.o)
 .data          0x20001900        0x0 C:/ethernut-4.9/nutbld/lib\libnutdev.a(spibus.o)
 .data          0x20001900        0x0 C:/ethernut-4.9/nutbld/lib\libnutnet.a(ethin.o)
 .data          0x20001900        0x0 C:/ethernut-4.9/nutbld/lib\libnutnet.a(ethout.o)
 .data          0x20001900        0x0 C:/ethernut-4.9/nutbld/lib\libnutnet.a(arpin.o)
 .data          0x20001900        0x0 C:/ethernut-4.9/nutbld/lib\libnutcrt.a(fprintf.o)
 .data          0x20001900        0x0 c:/program files/yagarto/bin/../lib/gcc/arm-elf/4.4.2\libgcc.a(_udivsi3.o)
 .data          0x20001900        0x0 c:/program files/yagarto/bin/../lib/gcc/arm-elf/4.4.2\libgcc.a(_divsi3.o)
 .data          0x20001900        0x0 c:/program files/yagarto/bin/../lib/gcc/arm-elf/4.4.2\libgcc.a(_umodsi3.o)
 .data          0x20001900        0x0 c:/program files/yagarto/bin/../lib/gcc/arm-elf/4.4.2\libgcc.a(_modsi3.o)
 .data          0x20001900        0x0 c:/program files/yagarto/bin/../lib/gcc/arm-elf/4.4.2\libgcc.a(_dvmd_tls.o)
 .data          0x20001900        0x4 c:/program files/yagarto/bin/../lib/gcc/arm-elf/4.4.2/../../../../arm-elf/lib\libc.a(lib_a-ctype_.o)
                0x20001900                __ctype_ptr__
 .data          0x20001904        0x0 c:/program files/yagarto/bin/../lib/gcc/arm-elf/4.4.2/../../../../arm-elf/lib\libc.a(lib_a-dtoa.o)
 .data          0x20001904      0x428 c:/program files/yagarto/bin/../lib/gcc/arm-elf/4.4.2/../../../../arm-elf/lib\libc.a(lib_a-impure.o)
                0x20001904                _impure_ptr
 .data          0x20001d2c        0x0 c:/program files/yagarto/bin/../lib/gcc/arm-elf/4.4.2/../../../../arm-elf/lib\libc.a(lib_a-memchr.o)
 .data          0x20001d2c        0x0 c:/program files/yagarto/bin/../lib/gcc/arm-elf/4.4.2/../../../../arm-elf/lib\libc.a(lib_a-memcmp.o)
 .data          0x20001d2c        0x0 c:/program files/yagarto/bin/../lib/gcc/arm-elf/4.4.2/../../../../arm-elf/lib\libc.a(lib_a-memcpy.o)
 .data          0x20001d2c        0x0 c:/program files/yagarto/bin/../lib/gcc/arm-elf/4.4.2/../../../../arm-elf/lib\libc.a(lib_a-memset.o)
 .data          0x20001d2c        0x0 c:/program files/yagarto/bin/../lib/gcc/arm-elf/4.4.2/../../../../arm-elf/lib\libc.a(lib_a-mprec.o)
 .data          0x20001d2c        0x0 c:/program files/yagarto/bin/../lib/gcc/arm-elf/4.4.2/../../../../arm-elf/lib\libc.a(lib_a-strcat.o)
 .data          0x20001d2c        0x0 c:/program files/yagarto/bin/../lib/gcc/arm-elf/4.4.2/../../../../arm-elf/lib\libc.a(lib_a-strcmp.o)
 .data          0x20001d2c        0x0 c:/program files/yagarto/bin/../lib/gcc/arm-elf/4.4.2/../../../../arm-elf/lib\libc.a(lib_a-strcpy.o)
 .data          0x20001d2c        0x0 c:/program files/yagarto/bin/../lib/gcc/arm-elf/4.4.2/../../../../arm-elf/lib\libc.a(lib_a-strlen.o)
 .data          0x20001d2c        0x0 c:/program files/yagarto/bin/../lib/gcc/arm-elf/4.4.2/../../../../arm-elf/lib\libc.a(lib_a-callocr.o)
 .data          0x20001d2c      0x410 c:/program files/yagarto/bin/../lib/gcc/arm-elf/4.4.2/../../../../arm-elf/lib\libc.a(lib_a-mallocr.o)
                0x20001d2c                __malloc_av_
                0x20002134                __malloc_sbrk_base
                0x20002138                __malloc_trim_threshold
 .data          0x2000213c        0x0 c:/program files/yagarto/bin/../lib/gcc/arm-elf/4.4.2/../../../../arm-elf/lib\libc.a(lib_a-mlock.o)
 .data          0x2000213c        0x0 c:/program files/yagarto/bin/../lib/gcc/arm-elf/4.4.2/../../../../arm-elf/lib\libc.a(lib_a-sbrkr.o)
 .data          0x2000213c        0x0 c:/program files/yagarto/bin/../lib/gcc/arm-elf/4.4.2/../../../../arm-elf/lib\libc.a(lib_a-freer.o)
 .data          0x2000213c        0x0 c:/program files/yagarto/bin/../lib/gcc/arm-elf/4.4.2\libgcc.a(_arm_addsubdf3.o)
 .data          0x2000213c        0x0 c:/program files/yagarto/bin/../lib/gcc/arm-elf/4.4.2\libgcc.a(_arm_muldivdf3.o)
 .data          0x2000213c        0x0 c:/program files/yagarto/bin/../lib/gcc/arm-elf/4.4.2\libgcc.a(_arm_cmpdf2.o)
 .data          0x2000213c        0x0 c:/program files/yagarto/bin/../lib/gcc/arm-elf/4.4.2\libgcc.a(_arm_fixdfsi.o)
                0x2000213c                . = ALIGN (0x4)
                0x2000213c                _edata = .
                0x2000213c                PROVIDE (__data_end, .)

.bss            0x2000213c      0xb78 load address 0x000155d8
                0x2000213c                PROVIDE (__bss_start, .)
 *(.bss)
 .bss           0x2000213c        0x0 C:/ethernut-4.9/nutbld/lib\crtat91sam7se512_rom.o
 .bss           0x2000213c        0x0 tcp1.o
 .bss           0x2000213c       0x34 mib2if.o
 .bss           0x20002170       0x58 mib2sys.o
 .bss           0x200021c8        0x0 udpsocket.o
 .bss           0x200021c8        0x0 tcp_connect.o
 .bss           0x200021c8       0x94 snmp.o
 .bss           0x2000225c        0x1 C:/ethernut-4.9/nutbld/lib/nutinit.o
                0x2000225c                ms62_5
 *fill*         0x2000225d        0x3 00
 .bss           0x20002260       0x70 C:/ethernut-4.9/nutbld/lib\libnutpro.a(snmp_api.o)
 .bss           0x200022d0        0x8 C:/ethernut-4.9/nutbld/lib\libnutpro.a(snmp_config.o)
 .bss           0x200022d8        0x4 C:/ethernut-4.9/nutbld/lib\libnutpro.a(snmp_mib.o)
 .bss           0x200022dc        0x0 C:/ethernut-4.9/nutbld/lib\libnutpro.a(asn1.o)
 .bss           0x200022dc        0x4 C:/ethernut-4.9/nutbld/lib\libnutpro.a(snmp_agent.o)
 .bss           0x200022e0        0x0 C:/ethernut-4.9/nutbld/lib\libnutpro.a(snmp.o)
 .bss           0x200022e0        0x0 C:/ethernut-4.9/nutbld/lib\libnutpro.a(snmp_auth.o)
 .bss           0x200022e0        0x8 C:/ethernut-4.9/nutbld/lib\libnutnet.a(tcpsock.o)
                0x200022e0                tcpSocketList
 .bss           0x200022e8        0x4 C:/ethernut-4.9/nutbld/lib\libnutnet.a(udpsock.o)
 .bss           0x200022ec        0x4 C:/ethernut-4.9/nutbld/lib\libnutnet.a(ipdemux.o)
 .bss           0x200022f0        0x0 C:/ethernut-4.9/nutbld/lib\libnutnet.a(route.o)
 .bss           0x200022f0       0x24 C:/ethernut-4.9/nutbld/lib\libnutnet.a(inet.o)
 .bss           0x20002314        0x0 C:/ethernut-4.9/nutbld/lib\libnutnet.a(ifconfig.o)
 .bss           0x20002314        0x0 C:/ethernut-4.9/nutbld/lib\libnutnet.a(confnet.o)
 .bss           0x20002314        0x0 C:/ethernut-4.9/nutbld/lib\libnutnet.a(tcpin.o)
 .bss           0x20002314        0x0 C:/ethernut-4.9/nutbld/lib\libnutnet.a(tcpout.o)
 .bss           0x20002314        0xc C:/ethernut-4.9/nutbld/lib\libnutnet.a(tcpsm.o)
 .bss           0x20002320        0x0 C:/ethernut-4.9/nutbld/lib\libnutnet.a(tcputil.o)
 .bss           0x20002320        0x0 C:/ethernut-4.9/nutbld/lib\libnutnet.a(udpin.o)
 .bss           0x20002320        0x0 C:/ethernut-4.9/nutbld/lib\libnutnet.a(udpout.o)
 .bss           0x20002320        0x0 C:/ethernut-4.9/nutbld/lib\libnutnet.a(ipcsum.o)
 .bss           0x20002320        0x4 C:/ethernut-4.9/nutbld/lib\libnutnet.a(ipin.o)
 .bss           0x20002324        0x0 C:/ethernut-4.9/nutbld/lib\libnutnet.a(ipout.o)
 .bss           0x20002324        0x0 C:/ethernut-4.9/nutbld/lib\libnutnet.a(icmpin.o)
 .bss           0x20002324        0x0 C:/ethernut-4.9/nutbld/lib\libnutnet.a(icmpout.o)
 .bss           0x20002324        0x4 C:/ethernut-4.9/nutbld/lib\libnutnet.a(arpcache.o)
 .bss           0x20002328        0x0 C:/ethernut-4.9/nutbld/lib\libnutnet.a(arpout.o)
 .bss           0x20002328        0x0 C:/ethernut-4.9/nutbld/lib\libnutcrt.a(ioctl.o)
 .bss           0x20002328        0x0 C:/ethernut-4.9/nutbld/lib\libnutcrt.a(fdopen.o)
 .bss           0x20002328        0x0 C:/ethernut-4.9/nutbld/lib\libnutcrt.a(fflush.o)
 .bss           0x20002328        0x0 C:/ethernut-4.9/nutbld/lib\libnutcrt.a(fileno.o)
 .bss           0x20002328        0x0 C:/ethernut-4.9/nutbld/lib\libnutcrt.a(fmode.o)
 .bss           0x20002328        0x0 C:/ethernut-4.9/nutbld/lib\libnutcrt.a(fopen.o)
 .bss           0x20002328        0x0 C:/ethernut-4.9/nutbld/lib\libnutcrt.a(freopen.o)
 .bss           0x20002328        0x0 C:/ethernut-4.9/nutbld/lib\libnutcrt.a(fgets.o)
 .bss           0x20002328        0x0 C:/ethernut-4.9/nutbld/lib\libnutcrt.a(fputs.o)
 .bss           0x20002328        0x0 C:/ethernut-4.9/nutbld/lib\libnutcrt.a(printf.o)
 .bss           0x20002328        0x0 C:/ethernut-4.9/nutbld/lib\libnutcrt.a(putchar.o)
 .bss           0x20002328        0x0 C:/ethernut-4.9/nutbld/lib\libnutcrt.a(puts.o)
 .bss           0x20002328        0x0 C:/ethernut-4.9/nutbld/lib\libnutcrt.a(vfprintf.o)
 .bss           0x20002328        0x4 C:/ethernut-4.9/nutbld/lib\libnutcrt.a(time.o)
 .bss           0x2000232c        0x0 C:/ethernut-4.9/nutbld/lib\libnutcrt.a(errno.o)
 .bss           0x2000232c        0x0 C:/ethernut-4.9/nutbld/lib\libnutcrt.a(calloc.o)
 .bss           0x2000232c        0x0 C:/ethernut-4.9/nutbld/lib\libnutcrt.a(malloc.o)
 .bss           0x2000232c        0x4 C:/ethernut-4.9/nutbld/lib\libnutcrt.a(getenv.o)
 .bss           0x20002330        0x0 C:/ethernut-4.9/nutbld/lib\libnutcrt.a(setenv.o)
 .bss           0x20002330        0x0 C:/ethernut-4.9/nutbld/lib\libnutcrt.a(environ.o)
 .bss           0x20002330        0x0 C:/ethernut-4.9/nutbld/lib\libnutcrt.a(open.o)
 .bss           0x20002330        0x0 C:/ethernut-4.9/nutbld/lib\libnutcrt.a(putf.o)
 .bss           0x20002330        0x0 C:/ethernut-4.9/nutbld/lib\libnutcrt.a(write.o)
 .bss           0x20002330        0x0 C:/ethernut-4.9/nutbld/lib\libnutcrt.a(fgetc.o)
 .bss           0x20002330        0x0 C:/ethernut-4.9/nutbld/lib\libnutcrt.a(fputc.o)
 .bss           0x20002330        0x0 C:/ethernut-4.9/nutbld/lib\libnutcrt.a(gmtime.o)
 .bss           0x20002330        0x0 C:/ethernut-4.9/nutbld/lib\libnutcrt.a(mktime.o)
 .bss           0x20002330        0x0 C:/ethernut-4.9/nutbld/lib\libnutcrt.a(tzset.o)
 .bss           0x20002330        0x0 C:/ethernut-4.9/nutbld/lib\libnutcrt.a(strdup.o)
 .bss           0x20002330        0x4 C:/ethernut-4.9/nutbld/lib\libnutcrt.a(sbrk.o)
 .bss           0x20002334        0x0 C:/ethernut-4.9/nutbld/lib\libnutcrt.a(read.o)
 .bss           0x20002334        0x0 C:/ethernut-4.9/nutbld/lib\libnutcrt.a(localtim.o)
 .bss           0x20002334        0x0 C:/ethernut-4.9/nutbld/lib\libnutos.a(heap.o)
 .bss           0x20002334        0x0 C:/ethernut-4.9/nutbld/lib\libnutos.a(thread.o)
 .bss           0x20002334        0x8 C:/ethernut-4.9/nutbld/lib\libnutos.a(timer.o)
 .bss           0x2000233c        0x0 C:/ethernut-4.9/nutbld/lib\libnutos.a(event.o)
 .bss           0x2000233c        0x4 C:/ethernut-4.9/nutbld/lib\libnutos.a(devreg.o)
                0x2000233c                nutDeviceList
 .bss           0x20002340        0x0 C:/ethernut-4.9/nutbld/lib\libnutos.a(confos.o)
 .bss           0x20002340        0x0 C:/ethernut-4.9/nutbld/lib\libnutos.a(version.o)
 .bss           0x20002340        0x0 C:/ethernut-4.9/nutbld/lib\libnutdev.a(netbuf.o)
 .bss           0x20002340        0x0 C:/ethernut-4.9/nutbld/lib\libnutdev.a(nvmem.o)
 .bss           0x20002340        0x4 C:/ethernut-4.9/nutbld/lib\libnutdev.a(rtc.o)
 .bss           0x20002344        0x4 C:/ethernut-4.9/nutbld/lib\libnutdev.a(nvmem_at45d.o)
 .bss           0x20002348        0x0 C:/ethernut-4.9/nutbld/lib\libnutdev.a(spi_at45d.o)
 .bss           0x20002348        0x0 C:/ethernut-4.9/nutbld/lib\libnutdev.a(spi_at45d0.o)
 .bss           0x20002348        0x0 C:/ethernut-4.9/nutbld/lib\libnutdev.a(blockdev.o)
 .bss           0x20002348        0x0 C:/ethernut-4.9/nutbld/lib\libnutarch.a(context.o)
 .bss           0x20002348        0x0 C:/ethernut-4.9/nutbld/lib\libnutarch.a(ostimer_at91.o)
 .bss           0x20002348        0x0 C:/ethernut-4.9/nutbld/lib\libnutarch.a(ih_at91sys.o)
 .bss           0x20002348       0x18 C:/ethernut-4.9/nutbld/lib\libnutarch.a(usart0at91.o)
 .bss           0x20002360       0x1c C:/ethernut-4.9/nutbld/lib\libnutarch.a(dm9000e.o)
 .bss           0x2000237c        0x0 C:/ethernut-4.9/nutbld/lib\libnutarch.a(at91init.o)
 .bss           0x2000237c        0xc C:/ethernut-4.9/nutbld/lib\libnutarch.a(spibus0at91.o)
 .bss           0x20002388        0x0 C:/ethernut-4.9/nutbld/lib\libnutarch.a(ih_at91irq0.o)
 .bss           0x20002388        0x0 C:/ethernut-4.9/nutbld/lib\libnutarch.a(ih_at91spi0.o)
 .bss           0x20002388        0x0 C:/ethernut-4.9/nutbld/lib\libnutarch.a(ih_at91uart0.o)
 .bss           0x20002388        0x0 C:/ethernut-4.9/nutbld/lib\libnutarch.a(spibus_at91.o)
 .bss           0x20002388        0x0 C:/ethernut-4.9/nutbld/lib\libnutdev.a(ihndlr.o)
 .bss           0x20002388        0x0 C:/ethernut-4.9/nutbld/lib\libnutdev.a(usart.o)
 .bss           0x20002388        0x0 C:/ethernut-4.9/nutbld/lib\libnutdev.a(spibus.o)
 .bss           0x20002388        0x0 C:/ethernut-4.9/nutbld/lib\libnutnet.a(ethin.o)
 .bss           0x20002388        0x0 C:/ethernut-4.9/nutbld/lib\libnutnet.a(ethout.o)
 .bss           0x20002388        0x0 C:/ethernut-4.9/nutbld/lib\libnutnet.a(arpin.o)
 .bss           0x20002388        0x0 C:/ethernut-4.9/nutbld/lib\libnutcrt.a(fprintf.o)
 .bss           0x20002388        0x0 c:/program files/yagarto/bin/../lib/gcc/arm-elf/4.4.2\libgcc.a(_udivsi3.o)
 .bss           0x20002388        0x0 c:/program files/yagarto/bin/../lib/gcc/arm-elf/4.4.2\libgcc.a(_divsi3.o)
 .bss           0x20002388        0x0 c:/program files/yagarto/bin/../lib/gcc/arm-elf/4.4.2\libgcc.a(_umodsi3.o)
 .bss           0x20002388        0x0 c:/program files/yagarto/bin/../lib/gcc/arm-elf/4.4.2\libgcc.a(_modsi3.o)
 .bss           0x20002388        0x0 c:/program files/yagarto/bin/../lib/gcc/arm-elf/4.4.2\libgcc.a(_dvmd_tls.o)
 .bss           0x20002388        0x0 c:/program files/yagarto/bin/../lib/gcc/arm-elf/4.4.2/../../../../arm-elf/lib\libc.a(lib_a-ctype_.o)
 .bss           0x20002388        0x0 c:/program files/yagarto/bin/../lib/gcc/arm-elf/4.4.2/../../../../arm-elf/lib\libc.a(lib_a-dtoa.o)
 .bss           0x20002388        0x0 c:/program files/yagarto/bin/../lib/gcc/arm-elf/4.4.2/../../../../arm-elf/lib\libc.a(lib_a-impure.o)
 .bss           0x20002388        0x0 c:/program files/yagarto/bin/../lib/gcc/arm-elf/4.4.2/../../../../arm-elf/lib\libc.a(lib_a-memchr.o)
 .bss           0x20002388        0x0 c:/program files/yagarto/bin/../lib/gcc/arm-elf/4.4.2/../../../../arm-elf/lib\libc.a(lib_a-memcmp.o)
 .bss           0x20002388        0x0 c:/program files/yagarto/bin/../lib/gcc/arm-elf/4.4.2/../../../../arm-elf/lib\libc.a(lib_a-memcpy.o)
 .bss           0x20002388        0x0 c:/program files/yagarto/bin/../lib/gcc/arm-elf/4.4.2/../../../../arm-elf/lib\libc.a(lib_a-memset.o)
 .bss           0x20002388        0x0 c:/program files/yagarto/bin/../lib/gcc/arm-elf/4.4.2/../../../../arm-elf/lib\libc.a(lib_a-mprec.o)
 .bss           0x20002388        0x0 c:/program files/yagarto/bin/../lib/gcc/arm-elf/4.4.2/../../../../arm-elf/lib\libc.a(lib_a-strcat.o)
 .bss           0x20002388        0x0 c:/program files/yagarto/bin/../lib/gcc/arm-elf/4.4.2/../../../../arm-elf/lib\libc.a(lib_a-strcmp.o)
 .bss           0x20002388        0x0 c:/program files/yagarto/bin/../lib/gcc/arm-elf/4.4.2/../../../../arm-elf/lib\libc.a(lib_a-strcpy.o)
 .bss           0x20002388        0x0 c:/program files/yagarto/bin/../lib/gcc/arm-elf/4.4.2/../../../../arm-elf/lib\libc.a(lib_a-strlen.o)
 .bss           0x20002388        0x0 c:/program files/yagarto/bin/../lib/gcc/arm-elf/4.4.2/../../../../arm-elf/lib\libc.a(lib_a-callocr.o)
 .bss           0x20002388       0x34 c:/program files/yagarto/bin/../lib/gcc/arm-elf/4.4.2/../../../../arm-elf/lib\libc.a(lib_a-mallocr.o)
                0x20002388                __malloc_top_pad
                0x2000238c                __malloc_current_mallinfo
                0x200023b4                __malloc_max_sbrked_mem
                0x200023b8                __malloc_max_total_mem
 .bss           0x200023bc        0x0 c:/program files/yagarto/bin/../lib/gcc/arm-elf/4.4.2/../../../../arm-elf/lib\libc.a(lib_a-mlock.o)
 .bss           0x200023bc        0x0 c:/program files/yagarto/bin/../lib/gcc/arm-elf/4.4.2/../../../../arm-elf/lib\libc.a(lib_a-sbrkr.o)
 .bss           0x200023bc        0x0 c:/program files/yagarto/bin/../lib/gcc/arm-elf/4.4.2/../../../../arm-elf/lib\libc.a(lib_a-freer.o)
 .bss           0x200023bc        0x0 c:/program files/yagarto/bin/../lib/gcc/arm-elf/4.4.2\libgcc.a(_arm_addsubdf3.o)
 .bss           0x200023bc        0x0 c:/program files/yagarto/bin/../lib/gcc/arm-elf/4.4.2\libgcc.a(_arm_muldivdf3.o)
 .bss           0x200023bc        0x0 c:/program files/yagarto/bin/../lib/gcc/arm-elf/4.4.2\libgcc.a(_arm_cmpdf2.o)
 .bss           0x200023bc        0x0 c:/program files/yagarto/bin/../lib/gcc/arm-elf/4.4.2\libgcc.a(_arm_fixdfsi.o)
 *(COMMON)
 COMMON         0x200023bc        0xc udpsocket.o
                0x200023bc                buff
                0x200023c0                view_idx
                0x200023c4                udpsock
 COMMON         0x200023c8        0x4 C:/ethernut-4.9/nutbld/lib\libnutnet.a(udpsock.o)
                0x200023c8                udpSocketList
 COMMON         0x200023cc        0x4 C:/ethernut-4.9/nutbld/lib\libnutnet.a(route.o)
                0x200023cc                rteList
 COMMON         0x200023d0       0x20 C:/ethernut-4.9/nutbld/lib\libnutnet.a(confnet.o)
                0x200023d0                confnet
 COMMON         0x200023f0        0x8 C:/ethernut-4.9/nutbld/lib\libnutnet.a(tcpsm.o)
                0x200023f0                tcp_in_nbq
                0x200023f4                tcp_in_rdy
 COMMON         0x200023f8        0x4 C:/ethernut-4.9/nutbld/lib\libnutnet.a(ipin.o)
                0x200023f8                ip_demux
 COMMON         0x200023fc        0x4 C:/ethernut-4.9/nutbld/lib\libnutcrt.a(errno.o)
                0x200023fc                errno
 COMMON         0x20002400        0x4 C:/ethernut-4.9/nutbld/lib\libnutcrt.a(environ.o)
                0x20002400                nut_environ
 COMMON         0x20002404       0x24 C:/ethernut-4.9/nutbld/lib\libnutcrt.a(gmtime.o)
                0x20002404                _tb
 COMMON         0x20002428        0x4 C:/ethernut-4.9/nutbld/lib\libnutos.a(heap.o)
                0x20002428                heapFreeList
 COMMON         0x2000242c       0x10 C:/ethernut-4.9/nutbld/lib\libnutos.a(thread.o)
                0x2000242c                nutThreadList
                0x20002430                runQueue
                0x20002434                runningThread
                0x20002438                killedThread
 COMMON         0x2000243c        0xc C:/ethernut-4.9/nutbld/lib\libnutos.a(timer.o)
                0x2000243c                nut_delay_loops
                0x20002440                nutTimerList
                0x20002444                nut_ticks
 COMMON         0x20002448       0x13 C:/ethernut-4.9/nutbld/lib\libnutos.a(confos.o)
                0x20002448                confos
 *fill*         0x2000245b        0x1 00
 COMMON         0x2000245c       0x54 C:/ethernut-4.9/nutbld/lib\libnutarch.a(ih_at91sys.o)
                0x2000245c                syssig_WDT
                0x20002468                syssig_RTT
                0x20002474                syssig_PIT
                0x20002480                syssig_RSTC
                0x2000248c                syssig_PMC
                0x20002498                syssig_MC
                0x200024a4                syssig_DBGU
 COMMON         0x200024b0        0x4 C:/ethernut-4.9/nutbld/lib\libnutnet.a(ethin.o)
                0x200024b0                ether_demux
                0x200024b4                . = ALIGN (0x4)
                0x200024b4                PROVIDE (__bss_end, .)
                0x200028b4                . = (. + 0x400)
 *fill*         0x200024b4      0x400 00
                0x200028b4                PROVIDE (__exp_stack, .)
                0x20002cb4                . = (. + 0x400)
 *fill*         0x200028b4      0x400 00
                0x20002cb4                PROVIDE (__stack, .)
                0x20002cb4                PROVIDE (__heap_start, .)

.stab
 *(.stab)

.stabstr
 *(.stabstr)
OUTPUT(tcp1.elf elf32-littlearm)

.ARM.attributes
                0x00000000       0x10
 .ARM.attributes
                0x00000000       0x10 C:/ethernut-4.9/nutbld/lib\crtat91sam7se512_rom.o
 .ARM.attributes
                0x00000010       0x10 tcp1.o
 .ARM.attributes
                0x00000020       0x10 mib2if.o
 .ARM.attributes
                0x00000030       0x10 mib2sys.o
 .ARM.attributes
                0x00000040       0x10 udpsocket.o
 .ARM.attributes
                0x00000050       0x10 tcp_connect.o
 .ARM.attributes
                0x00000060       0x10 snmp.o
 .ARM.attributes
                0x00000070       0x10 C:/ethernut-4.9/nutbld/lib/nutinit.o
 .ARM.attributes
                0x00000080       0x10 C:/ethernut-4.9/nutbld/lib\libnutpro.a(snmp_api.o)
 .ARM.attributes
                0x00000090       0x10 C:/ethernut-4.9/nutbld/lib\libnutpro.a(snmp_config.o)
 .ARM.attributes
                0x000000a0       0x10 C:/ethernut-4.9/nutbld/lib\libnutpro.a(snmp_mib.o)
 .ARM.attributes
                0x000000b0       0x10 C:/ethernut-4.9/nutbld/lib\libnutpro.a(asn1.o)
 .ARM.attributes
                0x000000c0       0x10 C:/ethernut-4.9/nutbld/lib\libnutpro.a(snmp_agent.o)
 .ARM.attributes
                0x000000d0       0x10 C:/ethernut-4.9/nutbld/lib\libnutpro.a(snmp.o)
 .ARM.attributes
                0x000000e0       0x10 C:/ethernut-4.9/nutbld/lib\libnutpro.a(snmp_auth.o)
 .ARM.attributes
                0x000000f0       0x10 C:/ethernut-4.9/nutbld/lib\libnutnet.a(tcpsock.o)
 .ARM.attributes
                0x00000100       0x10 C:/ethernut-4.9/nutbld/lib\libnutnet.a(udpsock.o)
 .ARM.attributes
                0x00000110       0x10 C:/ethernut-4.9/nutbld/lib\libnutnet.a(ipdemux.o)
 .ARM.attributes
                0x00000120       0x10 C:/ethernut-4.9/nutbld/lib\libnutnet.a(route.o)
 .ARM.attributes
                0x00000130       0x10 C:/ethernut-4.9/nutbld/lib\libnutnet.a(inet.o)
 .ARM.attributes
                0x00000140       0x10 C:/ethernut-4.9/nutbld/lib\libnutnet.a(ifconfig.o)
 .ARM.attributes
                0x00000150       0x10 C:/ethernut-4.9/nutbld/lib\libnutnet.a(confnet.o)
 .ARM.attributes
                0x00000160       0x10 C:/ethernut-4.9/nutbld/lib\libnutnet.a(tcpin.o)
 .ARM.attributes
                0x00000170       0x10 C:/ethernut-4.9/nutbld/lib\libnutnet.a(tcpout.o)
 .ARM.attributes
                0x00000180       0x10 C:/ethernut-4.9/nutbld/lib\libnutnet.a(tcpsm.o)
 .ARM.attributes
                0x00000190       0x10 C:/ethernut-4.9/nutbld/lib\libnutnet.a(tcputil.o)
 .ARM.attributes
                0x000001a0       0x10 C:/ethernut-4.9/nutbld/lib\libnutnet.a(udpin.o)
 .ARM.attributes
                0x000001b0       0x10 C:/ethernut-4.9/nutbld/lib\libnutnet.a(udpout.o)
 .ARM.attributes
                0x000001c0       0x10 C:/ethernut-4.9/nutbld/lib\libnutnet.a(ipcsum.o)
 .ARM.attributes
                0x000001d0       0x10 C:/ethernut-4.9/nutbld/lib\libnutnet.a(ipin.o)
 .ARM.attributes
                0x000001e0       0x10 C:/ethernut-4.9/nutbld/lib\libnutnet.a(ipout.o)
 .ARM.attributes
                0x000001f0       0x10 C:/ethernut-4.9/nutbld/lib\libnutnet.a(icmpin.o)
 .ARM.attributes
                0x00000200       0x10 C:/ethernut-4.9/nutbld/lib\libnutnet.a(icmpout.o)
 .ARM.attributes
                0x00000210       0x10 C:/ethernut-4.9/nutbld/lib\libnutnet.a(arpcache.o)
 .ARM.attributes
                0x00000220       0x10 C:/ethernut-4.9/nutbld/lib\libnutnet.a(arpout.o)
 .ARM.attributes
                0x00000230       0x10 C:/ethernut-4.9/nutbld/lib\libnutcrt.a(ioctl.o)
 .ARM.attributes
                0x00000240       0x10 C:/ethernut-4.9/nutbld/lib\libnutcrt.a(fdopen.o)
 .ARM.attributes
                0x00000250       0x10 C:/ethernut-4.9/nutbld/lib\libnutcrt.a(fflush.o)
 .ARM.attributes
                0x00000260       0x10 C:/ethernut-4.9/nutbld/lib\libnutcrt.a(fileno.o)
 .ARM.attributes
                0x00000270       0x10 C:/ethernut-4.9/nutbld/lib\libnutcrt.a(fmode.o)
 .ARM.attributes
                0x00000280       0x10 C:/ethernut-4.9/nutbld/lib\libnutcrt.a(fopen.o)
 .ARM.attributes
                0x00000290       0x10 C:/ethernut-4.9/nutbld/lib\libnutcrt.a(freopen.o)
 .ARM.attributes
                0x000002a0       0x10 C:/ethernut-4.9/nutbld/lib\libnutcrt.a(fgets.o)
 .ARM.attributes
                0x000002b0       0x10 C:/ethernut-4.9/nutbld/lib\libnutcrt.a(fputs.o)
 .ARM.attributes
                0x000002c0       0x10 C:/ethernut-4.9/nutbld/lib\libnutcrt.a(printf.o)
 .ARM.attributes
                0x000002d0       0x10 C:/ethernut-4.9/nutbld/lib\libnutcrt.a(putchar.o)
 .ARM.attributes
                0x000002e0       0x10 C:/ethernut-4.9/nutbld/lib\libnutcrt.a(puts.o)
 .ARM.attributes
                0x000002f0       0x10 C:/ethernut-4.9/nutbld/lib\libnutcrt.a(vfprintf.o)
 .ARM.attributes
                0x00000300       0x10 C:/ethernut-4.9/nutbld/lib\libnutcrt.a(time.o)
 .ARM.attributes
                0x00000310       0x10 C:/ethernut-4.9/nutbld/lib\libnutcrt.a(errno.o)
 .ARM.attributes
                0x00000320       0x10 C:/ethernut-4.9/nutbld/lib\libnutcrt.a(calloc.o)
 .ARM.attributes
                0x00000330       0x10 C:/ethernut-4.9/nutbld/lib\libnutcrt.a(malloc.o)
 .ARM.attributes
                0x00000340       0x10 C:/ethernut-4.9/nutbld/lib\libnutcrt.a(getenv.o)
 .ARM.attributes
                0x00000350       0x10 C:/ethernut-4.9/nutbld/lib\libnutcrt.a(setenv.o)
 .ARM.attributes
                0x00000360       0x10 C:/ethernut-4.9/nutbld/lib\libnutcrt.a(environ.o)
 .ARM.attributes
                0x00000370       0x10 C:/ethernut-4.9/nutbld/lib\libnutcrt.a(open.o)
 .ARM.attributes
                0x00000380       0x10 C:/ethernut-4.9/nutbld/lib\libnutcrt.a(putf.o)
 .ARM.attributes
                0x00000390       0x10 C:/ethernut-4.9/nutbld/lib\libnutcrt.a(write.o)
 .ARM.attributes
                0x000003a0       0x10 C:/ethernut-4.9/nutbld/lib\libnutcrt.a(fgetc.o)
 .ARM.attributes
                0x000003b0       0x10 C:/ethernut-4.9/nutbld/lib\libnutcrt.a(fputc.o)
 .ARM.attributes
                0x000003c0       0x10 C:/ethernut-4.9/nutbld/lib\libnutcrt.a(gmtime.o)
 .ARM.attributes
                0x000003d0       0x10 C:/ethernut-4.9/nutbld/lib\libnutcrt.a(mktime.o)
 .ARM.attributes
                0x000003e0       0x10 C:/ethernut-4.9/nutbld/lib\libnutcrt.a(tzset.o)
 .ARM.attributes
                0x000003f0       0x10 C:/ethernut-4.9/nutbld/lib\libnutcrt.a(strdup.o)
 .ARM.attributes
                0x00000400       0x10 C:/ethernut-4.9/nutbld/lib\libnutcrt.a(sbrk.o)
 .ARM.attributes
                0x00000410       0x10 C:/ethernut-4.9/nutbld/lib\libnutcrt.a(read.o)
 .ARM.attributes
                0x00000420       0x10 C:/ethernut-4.9/nutbld/lib\libnutcrt.a(localtim.o)
 .ARM.attributes
                0x00000430       0x10 C:/ethernut-4.9/nutbld/lib\libnutos.a(heap.o)
 .ARM.attributes
                0x00000440       0x10 C:/ethernut-4.9/nutbld/lib\libnutos.a(thread.o)
 .ARM.attributes
                0x00000450       0x10 C:/ethernut-4.9/nutbld/lib\libnutos.a(timer.o)
 .ARM.attributes
                0x00000460       0x10 C:/ethernut-4.9/nutbld/lib\libnutos.a(event.o)
 .ARM.attributes
                0x00000470       0x10 C:/ethernut-4.9/nutbld/lib\libnutos.a(devreg.o)
 .ARM.attributes
                0x00000480       0x10 C:/ethernut-4.9/nutbld/lib\libnutos.a(confos.o)
 .ARM.attributes
                0x00000490       0x10 C:/ethernut-4.9/nutbld/lib\libnutos.a(version.o)
 .ARM.attributes
                0x000004a0       0x10 C:/ethernut-4.9/nutbld/lib\libnutdev.a(netbuf.o)
 .ARM.attributes
                0x000004b0       0x10 C:/ethernut-4.9/nutbld/lib\libnutdev.a(nvmem.o)
 .ARM.attributes
                0x000004c0       0x10 C:/ethernut-4.9/nutbld/lib\libnutdev.a(rtc.o)
 .ARM.attributes
                0x000004d0       0x10 C:/ethernut-4.9/nutbld/lib\libnutdev.a(nvmem_at45d.o)
 .ARM.attributes
                0x000004e0       0x10 C:/ethernut-4.9/nutbld/lib\libnutdev.a(spi_at45d.o)
 .ARM.attributes
                0x000004f0       0x10 C:/ethernut-4.9/nutbld/lib\libnutdev.a(spi_at45d0.o)
 .ARM.attributes
                0x00000500       0x10 C:/ethernut-4.9/nutbld/lib\libnutdev.a(blockdev.o)
 .ARM.attributes
                0x00000510       0x10 C:/ethernut-4.9/nutbld/lib\libnutarch.a(context.o)
 .ARM.attributes
                0x00000520       0x10 C:/ethernut-4.9/nutbld/lib\libnutarch.a(ostimer_at91.o)
 .ARM.attributes
                0x00000530       0x10 C:/ethernut-4.9/nutbld/lib\libnutarch.a(ih_at91sys.o)
 .ARM.attributes
                0x00000540       0x10 C:/ethernut-4.9/nutbld/lib\libnutarch.a(usart0at91.o)
 .ARM.attributes
                0x00000550       0x10 C:/ethernut-4.9/nutbld/lib\libnutarch.a(dm9000e.o)
 .ARM.attributes
                0x00000560       0x10 C:/ethernut-4.9/nutbld/lib\libnutarch.a(at91init.o)
 .ARM.attributes
                0x00000570       0x10 C:/ethernut-4.9/nutbld/lib\libnutarch.a(spibus0at91.o)
 .ARM.attributes
                0x00000580       0x10 C:/ethernut-4.9/nutbld/lib\libnutarch.a(ih_at91irq0.o)
 .ARM.attributes
                0x00000590       0x10 C:/ethernut-4.9/nutbld/lib\libnutarch.a(ih_at91spi0.o)
 .ARM.attributes
                0x000005a0       0x10 C:/ethernut-4.9/nutbld/lib\libnutarch.a(ih_at91uart0.o)
 .ARM.attributes
                0x000005b0       0x10 C:/ethernut-4.9/nutbld/lib\libnutarch.a(spibus_at91.o)
 .ARM.attributes
                0x000005c0       0x10 C:/ethernut-4.9/nutbld/lib\libnutdev.a(ihndlr.o)
 .ARM.attributes
                0x000005d0       0x10 C:/ethernut-4.9/nutbld/lib\libnutdev.a(usart.o)
 .ARM.attributes
                0x000005e0       0x10 C:/ethernut-4.9/nutbld/lib\libnutdev.a(spibus.o)
 .ARM.attributes
                0x000005f0       0x10 C:/ethernut-4.9/nutbld/lib\libnutnet.a(ethin.o)
 .ARM.attributes
                0x00000600       0x10 C:/ethernut-4.9/nutbld/lib\libnutnet.a(ethout.o)
 .ARM.attributes
                0x00000610       0x10 C:/ethernut-4.9/nutbld/lib\libnutnet.a(arpin.o)
 .ARM.attributes
                0x00000620       0x10 C:/ethernut-4.9/nutbld/lib\libnutcrt.a(fprintf.o)
 .ARM.attributes
                0x00000630       0x10 c:/program files/yagarto/bin/../lib/gcc/arm-elf/4.4.2\libgcc.a(_udivsi3.o)
 .ARM.attributes
                0x00000640       0x10 c:/program files/yagarto/bin/../lib/gcc/arm-elf/4.4.2\libgcc.a(_divsi3.o)
 .ARM.attributes
                0x00000650       0x10 c:/program files/yagarto/bin/../lib/gcc/arm-elf/4.4.2\libgcc.a(_umodsi3.o)
 .ARM.attributes
                0x00000660       0x10 c:/program files/yagarto/bin/../lib/gcc/arm-elf/4.4.2\libgcc.a(_modsi3.o)
 .ARM.attributes
                0x00000670       0x10 c:/program files/yagarto/bin/../lib/gcc/arm-elf/4.4.2\libgcc.a(_dvmd_tls.o)
 .ARM.attributes
                0x00000680       0x10 c:/program files/yagarto/bin/../lib/gcc/arm-elf/4.4.2/../../../../arm-elf/lib\libc.a(lib_a-ctype_.o)
 .ARM.attributes
                0x00000690       0x10 c:/program files/yagarto/bin/../lib/gcc/arm-elf/4.4.2/../../../../arm-elf/lib\libc.a(lib_a-dtoa.o)
 .ARM.attributes
                0x000006a0       0x10 c:/program files/yagarto/bin/../lib/gcc/arm-elf/4.4.2/../../../../arm-elf/lib\libc.a(lib_a-impure.o)
 .ARM.attributes
                0x000006b0       0x10 c:/program files/yagarto/bin/../lib/gcc/arm-elf/4.4.2/../../../../arm-elf/lib\libc.a(lib_a-memchr.o)
 .ARM.attributes
                0x000006c0       0x10 c:/program files/yagarto/bin/../lib/gcc/arm-elf/4.4.2/../../../../arm-elf/lib\libc.a(lib_a-memcmp.o)
 .ARM.attributes
                0x000006d0       0x10 c:/program files/yagarto/bin/../lib/gcc/arm-elf/4.4.2/../../../../arm-elf/lib\libc.a(lib_a-memcpy.o)
 .ARM.attributes
                0x000006e0       0x10 c:/program files/yagarto/bin/../lib/gcc/arm-elf/4.4.2/../../../../arm-elf/lib\libc.a(lib_a-memset.o)
 .ARM.attributes
                0x000006f0       0x10 c:/program files/yagarto/bin/../lib/gcc/arm-elf/4.4.2/../../../../arm-elf/lib\libc.a(lib_a-mprec.o)
 .ARM.attributes
                0x00000700       0x10 c:/program files/yagarto/bin/../lib/gcc/arm-elf/4.4.2/../../../../arm-elf/lib\libc.a(lib_a-strcat.o)
 .ARM.attributes
                0x00000710       0x10 c:/program files/yagarto/bin/../lib/gcc/arm-elf/4.4.2/../../../../arm-elf/lib\libc.a(lib_a-strcmp.o)
 .ARM.attributes
                0x00000720       0x10 c:/program files/yagarto/bin/../lib/gcc/arm-elf/4.4.2/../../../../arm-elf/lib\libc.a(lib_a-strcpy.o)
 .ARM.attributes
                0x00000730       0x10 c:/program files/yagarto/bin/../lib/gcc/arm-elf/4.4.2/../../../../arm-elf/lib\libc.a(lib_a-strlen.o)
 .ARM.attributes
                0x00000740       0x10 c:/program files/yagarto/bin/../lib/gcc/arm-elf/4.4.2/../../../../arm-elf/lib\libc.a(lib_a-callocr.o)
 .ARM.attributes
                0x00000750       0x10 c:/program files/yagarto/bin/../lib/gcc/arm-elf/4.4.2/../../../../arm-elf/lib\libc.a(lib_a-mallocr.o)
 .ARM.attributes
                0x00000760       0x10 c:/program files/yagarto/bin/../lib/gcc/arm-elf/4.4.2/../../../../arm-elf/lib\libc.a(lib_a-mlock.o)
 .ARM.attributes
                0x00000770       0x10 c:/program files/yagarto/bin/../lib/gcc/arm-elf/4.4.2/../../../../arm-elf/lib\libc.a(lib_a-sbrkr.o)
 .ARM.attributes
                0x00000780       0x10 c:/program files/yagarto/bin/../lib/gcc/arm-elf/4.4.2/../../../../arm-elf/lib\libc.a(lib_a-freer.o)
 .ARM.attributes
                0x00000790       0x10 c:/program files/yagarto/bin/../lib/gcc/arm-elf/4.4.2\libgcc.a(_arm_addsubdf3.o)
 .ARM.attributes
                0x000007a0       0x10 c:/program files/yagarto/bin/../lib/gcc/arm-elf/4.4.2\libgcc.a(_arm_muldivdf3.o)
 .ARM.attributes
                0x000007b0       0x10 c:/program files/yagarto/bin/../lib/gcc/arm-elf/4.4.2\libgcc.a(_arm_cmpdf2.o)
 .ARM.attributes
                0x000007c0       0x10 c:/program files/yagarto/bin/../lib/gcc/arm-elf/4.4.2\libgcc.a(_arm_fixdfsi.o)

.comment        0x00000000       0x11
 .comment       0x00000000       0x11 tcp1.o
                                 0x12 (size before relaxing)
 .comment       0x00000000       0x12 mib2if.o
 .comment       0x00000000       0x12 mib2sys.o
 .comment       0x00000000       0x12 udpsocket.o
 .comment       0x00000000       0x12 tcp_connect.o
 .comment       0x00000000       0x12 snmp.o
 .comment       0x00000000       0x12 C:/ethernut-4.9/nutbld/lib/nutinit.o
 .comment       0x00000000       0x12 C:/ethernut-4.9/nutbld/lib\libnutpro.a(snmp_api.o)
 .comment       0x00000000       0x12 C:/ethernut-4.9/nutbld/lib\libnutpro.a(snmp_config.o)
 .comment       0x00000000       0x12 C:/ethernut-4.9/nutbld/lib\libnutpro.a(snmp_mib.o)
 .comment       0x00000000       0x12 C:/ethernut-4.9/nutbld/lib\libnutpro.a(asn1.o)
 .comment       0x00000000       0x12 C:/ethernut-4.9/nutbld/lib\libnutpro.a(snmp_agent.o)
 .comment       0x00000000       0x12 C:/ethernut-4.9/nutbld/lib\libnutpro.a(snmp.o)
 .comment       0x00000000       0x12 C:/ethernut-4.9/nutbld/lib\libnutpro.a(snmp_auth.o)
 .comment       0x00000000       0x12 C:/ethernut-4.9/nutbld/lib\libnutnet.a(tcpsock.o)
 .comment       0x00000000       0x12 C:/ethernut-4.9/nutbld/lib\libnutnet.a(udpsock.o)
 .comment       0x00000000       0x12 C:/ethernut-4.9/nutbld/lib\libnutnet.a(ipdemux.o)
 .comment       0x00000000       0x12 C:/ethernut-4.9/nutbld/lib\libnutnet.a(route.o)
 .comment       0x00000000       0x12 C:/ethernut-4.9/nutbld/lib\libnutnet.a(inet.o)
 .comment       0x00000000       0x12 C:/ethernut-4.9/nutbld/lib\libnutnet.a(ifconfig.o)
 .comment       0x00000000       0x12 C:/ethernut-4.9/nutbld/lib\libnutnet.a(confnet.o)
 .comment       0x00000000       0x12 C:/ethernut-4.9/nutbld/lib\libnutnet.a(tcpin.o)
 .comment       0x00000000       0x12 C:/ethernut-4.9/nutbld/lib\libnutnet.a(tcpout.o)
 .comment       0x00000000       0x12 C:/ethernut-4.9/nutbld/lib\libnutnet.a(tcpsm.o)
 .comment       0x00000000       0x12 C:/ethernut-4.9/nutbld/lib\libnutnet.a(tcputil.o)
 .comment       0x00000000       0x12 C:/ethernut-4.9/nutbld/lib\libnutnet.a(udpin.o)
 .comment       0x00000000       0x12 C:/ethernut-4.9/nutbld/lib\libnutnet.a(udpout.o)
 .comment       0x00000000       0x12 C:/ethernut-4.9/nutbld/lib\libnutnet.a(ipcsum.o)
 .comment       0x00000000       0x12 C:/ethernut-4.9/nutbld/lib\libnutnet.a(ipin.o)
 .comment       0x00000000       0x12 C:/ethernut-4.9/nutbld/lib\libnutnet.a(ipout.o)
 .comment       0x00000000       0x12 C:/ethernut-4.9/nutbld/lib\libnutnet.a(icmpin.o)
 .comment       0x00000000       0x12 C:/ethernut-4.9/nutbld/lib\libnutnet.a(icmpout.o)
 .comment       0x00000000       0x12 C:/ethernut-4.9/nutbld/lib\libnutnet.a(arpcache.o)
 .comment       0x00000000       0x12 C:/ethernut-4.9/nutbld/lib\libnutnet.a(arpout.o)
 .comment       0x00000000       0x12 C:/ethernut-4.9/nutbld/lib\libnutcrt.a(ioctl.o)
 .comment       0x00000000       0x12 C:/ethernut-4.9/nutbld/lib\libnutcrt.a(fdopen.o)
 .comment       0x00000000       0x12 C:/ethernut-4.9/nutbld/lib\libnutcrt.a(fflush.o)
 .comment       0x00000000       0x12 C:/ethernut-4.9/nutbld/lib\libnutcrt.a(fileno.o)
 .comment       0x00000000       0x12 C:/ethernut-4.9/nutbld/lib\libnutcrt.a(fmode.o)
 .comment       0x00000000       0x12 C:/ethernut-4.9/nutbld/lib\libnutcrt.a(fopen.o)
 .comment       0x00000000       0x12 C:/ethernut-4.9/nutbld/lib\libnutcrt.a(freopen.o)
 .comment       0x00000000       0x12 C:/ethernut-4.9/nutbld/lib\libnutcrt.a(fgets.o)
 .comment       0x00000000       0x12 C:/ethernut-4.9/nutbld/lib\libnutcrt.a(fputs.o)
 .comment       0x00000000       0x12 C:/ethernut-4.9/nutbld/lib\libnutcrt.a(printf.o)
 .comment       0x00000000       0x12 C:/ethernut-4.9/nutbld/lib\libnutcrt.a(putchar.o)
 .comment       0x00000000       0x12 C:/ethernut-4.9/nutbld/lib\libnutcrt.a(puts.o)
 .comment       0x00000000       0x12 C:/ethernut-4.9/nutbld/lib\libnutcrt.a(vfprintf.o)
 .comment       0x00000000       0x12 C:/ethernut-4.9/nutbld/lib\libnutcrt.a(time.o)
 .comment       0x00000000       0x12 C:/ethernut-4.9/nutbld/lib\libnutcrt.a(errno.o)
 .comment       0x00000000       0x12 C:/ethernut-4.9/nutbld/lib\libnutcrt.a(calloc.o)
 .comment       0x00000000       0x12 C:/ethernut-4.9/nutbld/lib\libnutcrt.a(malloc.o)
 .comment       0x00000000       0x12 C:/ethernut-4.9/nutbld/lib\libnutcrt.a(getenv.o)
 .comment       0x00000000       0x12 C:/ethernut-4.9/nutbld/lib\libnutcrt.a(setenv.o)
 .comment       0x00000000       0x12 C:/ethernut-4.9/nutbld/lib\libnutcrt.a(environ.o)
 .comment       0x00000000       0x12 C:/ethernut-4.9/nutbld/lib\libnutcrt.a(open.o)
 .comment       0x00000000       0x12 C:/ethernut-4.9/nutbld/lib\libnutcrt.a(putf.o)
 .comment       0x00000000       0x12 C:/ethernut-4.9/nutbld/lib\libnutcrt.a(write.o)
 .comment       0x00000000       0x12 C:/ethernut-4.9/nutbld/lib\libnutcrt.a(fgetc.o)
 .comment       0x00000000       0x12 C:/ethernut-4.9/nutbld/lib\libnutcrt.a(fputc.o)
 .comment       0x00000000       0x12 C:/ethernut-4.9/nutbld/lib\libnutcrt.a(gmtime.o)
 .comment       0x00000000       0x12 C:/ethernut-4.9/nutbld/lib\libnutcrt.a(mktime.o)
 .comment       0x00000000       0x12 C:/ethernut-4.9/nutbld/lib\libnutcrt.a(tzset.o)
 .comment       0x00000000       0x12 C:/ethernut-4.9/nutbld/lib\libnutcrt.a(strdup.o)
 .comment       0x00000000       0x12 C:/ethernut-4.9/nutbld/lib\libnutcrt.a(sbrk.o)
 .comment       0x00000000       0x12 C:/ethernut-4.9/nutbld/lib\libnutcrt.a(read.o)
 .comment       0x00000000       0x12 C:/ethernut-4.9/nutbld/lib\libnutcrt.a(localtim.o)
 .comment       0x00000000       0x12 C:/ethernut-4.9/nutbld/lib\libnutos.a(heap.o)
 .comment       0x00000000       0x12 C:/ethernut-4.9/nutbld/lib\libnutos.a(thread.o)
 .comment       0x00000000       0x12 C:/ethernut-4.9/nutbld/lib\libnutos.a(timer.o)
 .comment       0x00000000       0x12 C:/ethernut-4.9/nutbld/lib\libnutos.a(event.o)
 .comment       0x00000000       0x12 C:/ethernut-4.9/nutbld/lib\libnutos.a(devreg.o)
 .comment       0x00000000       0x12 C:/ethernut-4.9/nutbld/lib\libnutos.a(confos.o)
 .comment       0x00000000       0x12 C:/ethernut-4.9/nutbld/lib\libnutos.a(version.o)
 .comment       0x00000000       0x12 C:/ethernut-4.9/nutbld/lib\libnutdev.a(netbuf.o)
 .comment       0x00000000       0x12 C:/ethernut-4.9/nutbld/lib\libnutdev.a(nvmem.o)
 .comment       0x00000000       0x12 C:/ethernut-4.9/nutbld/lib\libnutdev.a(rtc.o)
 .comment       0x00000000       0x12 C:/ethernut-4.9/nutbld/lib\libnutdev.a(nvmem_at45d.o)
 .comment       0x00000000       0x12 C:/ethernut-4.9/nutbld/lib\libnutdev.a(spi_at45d.o)
 .comment       0x00000000       0x12 C:/ethernut-4.9/nutbld/lib\libnutdev.a(spi_at45d0.o)
 .comment       0x00000000       0x12 C:/ethernut-4.9/nutbld/lib\libnutdev.a(blockdev.o)
 .comment       0x00000000       0x12 C:/ethernut-4.9/nutbld/lib\libnutarch.a(context.o)
 .comment       0x00000000       0x12 C:/ethernut-4.9/nutbld/lib\libnutarch.a(ostimer_at91.o)
 .comment       0x00000000       0x12 C:/ethernut-4.9/nutbld/lib\libnutarch.a(ih_at91sys.o)
 .comment       0x00000000       0x12 C:/ethernut-4.9/nutbld/lib\libnutarch.a(usart0at91.o)
 .comment       0x00000000       0x12 C:/ethernut-4.9/nutbld/lib\libnutarch.a(dm9000e.o)
 .comment       0x00000000       0x12 C:/ethernut-4.9/nutbld/lib\libnutarch.a(at91init.o)
 .comment       0x00000000       0x12 C:/ethernut-4.9/nutbld/lib\libnutarch.a(spibus0at91.o)
 .comment       0x00000000       0x12 C:/ethernut-4.9/nutbld/lib\libnutarch.a(ih_at91irq0.o)
 .comment       0x00000000       0x12 C:/ethernut-4.9/nutbld/lib\libnutarch.a(ih_at91spi0.o)
 .comment       0x00000000       0x12 C:/ethernut-4.9/nutbld/lib\libnutarch.a(ih_at91uart0.o)
 .comment       0x00000000       0x12 C:/ethernut-4.9/nutbld/lib\libnutarch.a(spibus_at91.o)
 .comment       0x00000000       0x12 C:/ethernut-4.9/nutbld/lib\libnutdev.a(ihndlr.o)
 .comment       0x00000000       0x12 C:/ethernut-4.9/nutbld/lib\libnutdev.a(usart.o)
 .comment       0x00000000       0x12 C:/ethernut-4.9/nutbld/lib\libnutdev.a(spibus.o)
 .comment       0x00000000       0x12 C:/ethernut-4.9/nutbld/lib\libnutnet.a(ethin.o)
 .comment       0x00000000       0x12 C:/ethernut-4.9/nutbld/lib\libnutnet.a(ethout.o)
 .comment       0x00000000       0x12 C:/ethernut-4.9/nutbld/lib\libnutnet.a(arpin.o)
 .comment       0x00000000       0x12 C:/ethernut-4.9/nutbld/lib\libnutcrt.a(fprintf.o)
 .comment       0x00000000       0x12 c:/program files/yagarto/bin/../lib/gcc/arm-elf/4.4.2/../../../../arm-elf/lib\libc.a(lib_a-ctype_.o)
 .comment       0x00000000       0x12 c:/program files/yagarto/bin/../lib/gcc/arm-elf/4.4.2/../../../../arm-elf/lib\libc.a(lib_a-dtoa.o)